Archive member included to satisfy reference by file (symbol)

c:/program files/microchip/xc32/v4.45/bin/bin/../../lib/gcc/pic32c/8.3.1/../../../../pic32c/lib/thumb/v7e-m+fp/hard\libpic32c.a(data_init.o)
                              build/FreeRTOS/production/_ext/161576091/startup_xc32.o (__pic32c_data_initialization)
c:/program files/microchip/xc32/v4.45/bin/bin/../../lib/gcc/pic32c/8.3.1/../../../../pic32c/lib/thumb/v7e-m+fp/hard\libc-size-musl.a(memcmp.o)
                              build/FreeRTOS/production/_ext/540595297/tcpip_commands.o (memcmp)
c:/program files/microchip/xc32/v4.45/bin/bin/../../lib/gcc/pic32c/8.3.1/../../../../pic32c/lib/thumb/v7e-m+fp/hard\libc-size-musl.a(memcpy.o)
                              build/FreeRTOS/production/_ext/1785105562/tc6.o (memcpy)
c:/program files/microchip/xc32/v4.45/bin/bin/../../lib/gcc/pic32c/8.3.1/../../../../pic32c/lib/thumb/v7e-m+fp/hard\libc-size-musl.a(memmove.o)
                              build/FreeRTOS/production/_ext/1664057780/asn.o (memmove)
c:/program files/microchip/xc32/v4.45/bin/bin/../../lib/gcc/pic32c/8.3.1/../../../../pic32c/lib/thumb/v7e-m+fp/hard\libc-size-musl.a(memset.o)
                              build/FreeRTOS/production/_ext/1785105562/tc6.o (memset)
c:/program files/microchip/xc32/v4.45/bin/bin/../../lib/gcc/pic32c/8.3.1/../../../../pic32c/lib/thumb/v7e-m+fp/hard\libc-size-musl.a(strlen.o)
                              build/FreeRTOS/production/_ext/540595297/helpers.o (strlen)
c:/program files/microchip/xc32/v4.45/bin/bin/../../lib/gcc/pic32c/8.3.1/../../../../pic32c/lib/thumb/v7e-m+fp/hard\libc-size-musl.a(strchr.o)
                              build/FreeRTOS/production/_ext/1005353002/sys_command.o (strchr)
c:/program files/microchip/xc32/v4.45/bin/bin/../../lib/gcc/pic32c/8.3.1/../../../../pic32c/lib/thumb/v7e-m+fp/hard\libc-size-musl.a(strchrnul.o)
                              c:/program files/microchip/xc32/v4.45/bin/bin/../../lib/gcc/pic32c/8.3.1/../../../../pic32c/lib/thumb/v7e-m+fp/hard\libc-size-musl.a(strchr.o) (__strchrnul)
c:/program files/microchip/xc32/v4.45/bin/bin/../../lib/gcc/pic32c/8.3.1/../../../../pic32c/lib/thumb/v7e-m+fp/hard\libc-size-musl.a(strcmp.o)
                              build/FreeRTOS/production/_ext/540595297/tcpip_commands.o (strcmp)
c:/program files/microchip/xc32/v4.45/bin/bin/../../lib/gcc/pic32c/8.3.1/../../../../pic32c/lib/thumb/v7e-m+fp/hard\libc-size-musl.a(strcpy.o)
                              build/FreeRTOS/production/_ext/540595297/tcpip_commands.o (strcpy)
c:/program files/microchip/xc32/v4.45/bin/bin/../../lib/gcc/pic32c/8.3.1/../../../../pic32c/lib/thumb/v7e-m+fp/hard\libc-size-musl.a(strncmp.o)
                              build/FreeRTOS/production/_ext/1005353002/sys_command.o (strncmp)
c:/program files/microchip/xc32/v4.45/bin/bin/../../lib/gcc/pic32c/8.3.1/../../../../pic32c/lib/thumb/v7e-m+fp/hard\libc-size-musl.a(strncpy.o)
                              build/FreeRTOS/production/_ext/1609394304/crypto.o (strncpy)
c:/program files/microchip/xc32/v4.45/bin/bin/../../lib/gcc/pic32c/8.3.1/../../../../pic32c/lib/thumb/v7e-m+fp/hard\libc-size-musl.a(strrchr.o)
                              build/FreeRTOS/production/_ext/540595297/tcpip_manager.o (strrchr)
c:/program files/microchip/xc32/v4.45/bin/bin/../../lib/gcc/pic32c/8.3.1/../../../../pic32c/lib/thumb/v7e-m+fp/hard\libc-size-musl.a(strtok.o)
                              build/FreeRTOS/production/_ext/1005353002/sys_command.o (strtok)
c:/program files/microchip/xc32/v4.45/bin/bin/../../lib/gcc/pic32c/8.3.1/../../../../pic32c/lib/thumb/v7e-m+fp/hard\libc-size-musl.a(memrchr.o)
                              c:/program files/microchip/xc32/v4.45/bin/bin/../../lib/gcc/pic32c/8.3.1/../../../../pic32c/lib/thumb/v7e-m+fp/hard\libc-size-musl.a(strrchr.o) (__memrchr)
c:/program files/microchip/xc32/v4.45/bin/bin/../../lib/gcc/pic32c/8.3.1/../../../../pic32c/lib/thumb/v7e-m+fp/hard\libc-size-musl.a(stpcpy.o)
                              c:/program files/microchip/xc32/v4.45/bin/bin/../../lib/gcc/pic32c/8.3.1/../../../../pic32c/lib/thumb/v7e-m+fp/hard\libc-size-musl.a(strcpy.o) (__stpcpy)
c:/program files/microchip/xc32/v4.45/bin/bin/../../lib/gcc/pic32c/8.3.1/../../../../pic32c/lib/thumb/v7e-m+fp/hard\libc-size-musl.a(stpncpy.o)
                              c:/program files/microchip/xc32/v4.45/bin/bin/../../lib/gcc/pic32c/8.3.1/../../../../pic32c/lib/thumb/v7e-m+fp/hard\libc-size-musl.a(strncpy.o) (__stpncpy)
c:/program files/microchip/xc32/v4.45/bin/bin/../../lib/gcc/pic32c/8.3.1/../../../../pic32c/lib/thumb/v7e-m+fp/hard\libc-size-musl.a(strcspn.o)
                              c:/program files/microchip/xc32/v4.45/bin/bin/../../lib/gcc/pic32c/8.3.1/../../../../pic32c/lib/thumb/v7e-m+fp/hard\libc-size-musl.a(strtok.o) (strcspn)
c:/program files/microchip/xc32/v4.45/bin/bin/../../lib/gcc/pic32c/8.3.1/../../../../pic32c/lib/thumb/v7e-m+fp/hard\libc-size-musl.a(strspn.o)
[...]
Memory Configuration

Name             Origin             Length             Attributes
rom              0x0000000000000000 0x0000000000100000 xrl
ram              0x0000000020000000 0x0000000000040000 xw !r
tcm              0x0000000003000000 0x0000000000000000 xw
bkupram          0x0000000047000000 0x0000000000002000
config_00804000  0x0000000000804000 0x0000000000000004
config_00804004  0x0000000000804004 0x0000000000000004
config_00804008  0x0000000000804008 0x0000000000000004
*default*        0x0000000000000000 0xffffffffffffffff

Linker script and memory map

LOAD c:/program files/microchip/xc32/v4.45/bin/bin/../../lib/gcc/pic32c/8.3.1/thumb/v7e-m+fp/hard/crti.o
LOAD c:/program files/microchip/xc32/v4.45/bin/bin/../../lib/gcc/pic32c/8.3.1/thumb/v7e-m+fp/hard/crtbegin.o
LOAD build/FreeRTOS/production/_ext/1609394304/crypto.o
LOAD build/FreeRTOS/production/_ext/1785105562/tc6.o
LOAD build/FreeRTOS/production/_ext/585597058/drv_lan865x_api.o
LOAD build/FreeRTOS/production/_ext/1348046844/drv_spi.o
LOAD build/FreeRTOS/production/_ext/540595297/helpers.o
LOAD build/FreeRTOS/production/_ext/540595297/tcpip_commands.o
LOAD build/FreeRTOS/production/_ext/540595297/tcpip_packet.o
LOAD build/FreeRTOS/production/_ext/540595297/tcpip_helpers.o
LOAD build/FreeRTOS/production/_ext/540595297/tcpip_heap_internal.o
LOAD build/FreeRTOS/production/_ext/540595297/tcpip_notify.o
LOAD build/FreeRTOS/production/_ext/540595297/iperf.o
LOAD build/FreeRTOS/production/_ext/540595297/tcp.o
LOAD build/FreeRTOS/production/_ext/540595297/udp.o
LOAD build/FreeRTOS/production/_ext/540595297/tcpip_manager.o
LOAD build/FreeRTOS/production/_ext/540595297/dhcp.o
LOAD build/FreeRTOS/production/_ext/540595297/tcpip_heap_alloc.o
LOAD build/FreeRTOS/production/_ext/540595297/hash_fnv.o
LOAD build/FreeRTOS/production/_ext/540595297/arp.o
LOAD build/FreeRTOS/production/_ext/540595297/icmp.o
LOAD build/FreeRTOS/production/_ext/540595297/ipv4.o
LOAD build/FreeRTOS/production/_ext/540595297/oahash.o
LOAD build/FreeRTOS/production/_ext/540595297/dns.o
LOAD build/FreeRTOS/production/_ext/891571577/osal_freertos.o
LOAD build/FreeRTOS/production/_ext/892004133/plib_clock.o
LOAD build/FreeRTOS/production/_ext/1495245741/plib_cmcc.o
LOAD build/FreeRTOS/production/_ext/1495216012/plib_dmac.o
LOAD build/FreeRTOS/production/_ext/894153619/plib_evsys.o
LOAD build/FreeRTOS/production/_ext/1494909205/plib_nvic.o
LOAD build/FreeRTOS/production/_ext/320424729/plib_nvmctrl.o
LOAD build/FreeRTOS/production/_ext/1494856054/plib_port.o
LOAD build/FreeRTOS/production/_ext/1428073114/plib_sercom0_spi_master.o
LOAD build/FreeRTOS/production/_ext/2092608928/plib_sercom1_usart.o
LOAD build/FreeRTOS/production/_ext/579449528/plib_tc0.o
LOAD build/FreeRTOS/production/_ext/1872641887/xc32_monitor.o
LOAD build/FreeRTOS/production/_ext/1107142132/sys_cache.o
LOAD build/FreeRTOS/production/_ext/1005353002/sys_command.o
LOAD build/FreeRTOS/production/_ext/548640822/sys_console.o
LOAD build/FreeRTOS/production/_ext/548640822/sys_console_uart.o
LOAD build/FreeRTOS/production/_ext/147610190/sys_debug.o
LOAD build/FreeRTOS/production/_ext/50312702/sys_dma.o
LOAD build/FreeRTOS/production/_ext/1690414130/sys_int.o
LOAD build/FreeRTOS/production/_ext/1093154855/sys_reset.o
LOAD build/FreeRTOS/production/_ext/832704728/sys_time.o
LOAD build/FreeRTOS/production/_ext/2072568807/sys_time_h2_adapter.o
LOAD build/FreeRTOS/production/_ext/2072568807/sys_random_h2_adapter.o
LOAD build/FreeRTOS/production/_ext/161576091/tasks.o
LOAD build/FreeRTOS/production/_ext/161576091/freertos_hooks.o
LOAD build/FreeRTOS/production/_ext/161576091/startup_xc32.o
LOAD build/FreeRTOS/production/_ext/161576091/initialization.o
LOAD build/FreeRTOS/production/_ext/161576091/interrupts.o
LOAD build/FreeRTOS/production/_ext/161576091/libc_syscalls.o
LOAD build/FreeRTOS/production/_ext/161576091/exceptions.o
LOAD build/FreeRTOS/production/_ext/246609638/port.o
LOAD build/FreeRTOS/production/_ext/1665200909/heap_1.o
LOAD build/FreeRTOS/production/_ext/404212886/list.o
LOAD build/FreeRTOS/production/_ext/404212886/FreeRTOS_tasks.o
LOAD build/FreeRTOS/production/_ext/404212886/event_groups.o
LOAD build/FreeRTOS/production/_ext/404212886/stream_buffer.o
LOAD build/FreeRTOS/production/_ext/404212886/timers.o
LOAD build/FreeRTOS/production/_ext/404212886/croutine.o
LOAD build/FreeRTOS/production/_ext/404212886/queue.o
LOAD build/FreeRTOS/production/_ext/172253694/crypt_sha384_sam6156.o
LOAD build/FreeRTOS/production/_ext/172253694/crypt_rng_u2242.o
LOAD build/FreeRTOS/production/_ext/172253694/crypt_aes_u2238.o
LOAD build/FreeRTOS/production/_ext/172253694/crypt_aes_sam6149.o
LOAD build/FreeRTOS/production/_ext/172253694/crypt_sha1_sam11105.o
LOAD build/FreeRTOS/production/_ext/172253694/crypt_rsa_pukcl.o
LOAD build/FreeRTOS/production/_ext/172253694/crypt_tdes_sam6150.o
LOAD build/FreeRTOS/production/_ext/172253694/crypt_wolfcryptcb.o
LOAD build/FreeRTOS/production/_ext/172253694/crypt_sha224_sam11105.o
LOAD build/FreeRTOS/production/_ext/172253694/crypt_ecc_pukcl.o
LOAD build/FreeRTOS/production/_ext/172253694/crypt_sha224_sam6156.o
LOAD build/FreeRTOS/production/_ext/172253694/crypt_sha256_sam11105.o
LOAD build/FreeRTOS/production/_ext/172253694/pic32mz-crypt.o
LOAD build/FreeRTOS/production/_ext/172253694/crypt_sam_u2803.o
LOAD build/FreeRTOS/production/_ext/172253694/crypt_rng_sam6334.o
LOAD build/FreeRTOS/production/_ext/172253694/crypt_sha256_sam6156.o
LOAD build/FreeRTOS/production/_ext/172253694/crypt_ecc_ba414e.o
LOAD build/FreeRTOS/production/_ext/172253694/crypt_sha1_sam6156.o
LOAD build/FreeRTOS/production/_ext/172253694/crypt_sha512_sam6156.o
LOAD build/FreeRTOS/production/_ext/172253694/crypt_pukcl_functions.o
LOAD build/FreeRTOS/production/_ext/1664057780/aes.o
LOAD build/FreeRTOS/production/_ext/1664057780/dsa.o
LOAD build/FreeRTOS/production/_ext/1664057780/wc_dsp.o
LOAD build/FreeRTOS/production/_ext/1664057780/md5.o
LOAD build/FreeRTOS/production/_ext/1664057780/ecc_fp.o
LOAD build/FreeRTOS/production/_ext/1664057780/arc4.o
LOAD build/FreeRTOS/production/_ext/1664057780/md4.o
LOAD build/FreeRTOS/production/_ext/1664057780/curve25519.o
LOAD build/FreeRTOS/production/_ext/1664057780/sha.o
LOAD build/FreeRTOS/production/_ext/1664057780/sp_armthumb.o
LOAD build/FreeRTOS/production/_ext/1664057780/srp.o
LOAD build/FreeRTOS/production/_ext/1664057780/ge_low_mem.o
LOAD build/FreeRTOS/production/_ext/1664057780/rsa.o
LOAD build/FreeRTOS/production/_ext/1664057780/wc_encrypt.o
LOAD build/FreeRTOS/production/_ext/1664057780/coding.o
LOAD build/FreeRTOS/production/_ext/1664057780/fe_operations.o
LOAD build/FreeRTOS/production/_ext/1664057780/md2.o
LOAD build/FreeRTOS/production/_ext/1664057780/fe_448.o
LOAD build/FreeRTOS/production/_ext/1664057780/sha3.o
LOAD build/FreeRTOS/production/_ext/1664057780/compress.o
LOAD build/FreeRTOS/production/_ext/1664057780/sp_c32.o
LOAD build/FreeRTOS/production/_ext/1664057780/curve448.o
LOAD build/FreeRTOS/production/_ext/1664057780/hmac.o
LOAD build/FreeRTOS/production/_ext/1664057780/sp_c64.o
LOAD build/FreeRTOS/production/_ext/1664057780/ed25519.o
LOAD build/FreeRTOS/production/_ext/1664057780/asm.o
LOAD build/FreeRTOS/production/_ext/1664057780/wolfmath.o
LOAD build/FreeRTOS/production/_ext/1664057780/cmac.o
LOAD build/FreeRTOS/production/_ext/1664057780/error.o
LOAD build/FreeRTOS/production/_ext/1664057780/pkcs7.o
LOAD build/FreeRTOS/production/_ext/1664057780/sha256.o
LOAD build/FreeRTOS/production/_ext/1664057780/camellia.o
LOAD build/FreeRTOS/production/_ext/1664057780/ge_448.o
LOAD build/FreeRTOS/production/_ext/1664057780/cpuid.o
LOAD build/FreeRTOS/production/_ext/1664057780/sp_dsp32.o
LOAD build/FreeRTOS/production/_ext/1664057780/rc2.o
LOAD build/FreeRTOS/production/_ext/1664057780/chacha.o
LOAD build/FreeRTOS/production/_ext/1664057780/misc.o
LOAD build/FreeRTOS/production/_ext/1664057780/wolfevent.o
LOAD build/FreeRTOS/production/_ext/1664057780/blake2s.o
LOAD build/FreeRTOS/production/_ext/1664057780/blake2b.o
LOAD build/FreeRTOS/production/_ext/1664057780/logging.o
LOAD build/FreeRTOS/production/_ext/1664057780/pkcs12.o
LOAD build/FreeRTOS/production/_ext/1664057780/des3.o
LOAD build/FreeRTOS/production/_ext/1664057780/sp_arm32.o
LOAD build/FreeRTOS/production/_ext/1664057780/asn.o
LOAD build/FreeRTOS/production/_ext/1664057780/poly1305.o
LOAD build/FreeRTOS/production/_ext/1664057780/sp_cortexm.o
LOAD build/FreeRTOS/production/_ext/1664057780/wc_port.o
LOAD build/FreeRTOS/production/_ext/1664057780/sp_arm64.o
LOAD build/FreeRTOS/production/_ext/1664057780/ge_operations.o
LOAD build/FreeRTOS/production/_ext/1664057780/ed448.o
LOAD build/FreeRTOS/production/_ext/1664057780/ecc.o
LOAD build/FreeRTOS/production/_ext/1664057780/fe_low_mem.o
LOAD build/FreeRTOS/production/_ext/1664057780/chacha20_poly1305.o
LOAD build/FreeRTOS/production/_ext/1664057780/pwdbased.o
LOAD build/FreeRTOS/production/_ext/1664057780/ripemd.o
LOAD build/FreeRTOS/production/_ext/1664057780/memory.o
LOAD build/FreeRTOS/production/_ext/1664057780/sp_int.o
LOAD build/FreeRTOS/production/_ext/1664057780/dh.o
LOAD build/FreeRTOS/production/_ext/1664057780/signature.o
LOAD build/FreeRTOS/production/_ext/1664057780/evp.o
LOAD build/FreeRTOS/production/_ext/1664057780/wc_pkcs11.o
LOAD build/FreeRTOS/production/_ext/1664057780/tfm.o
LOAD build/FreeRTOS/production/_ext/1664057780/random.o
LOAD build/FreeRTOS/production/_ext/1664057780/hash.o
LOAD build/FreeRTOS/production/_ext/1664057780/sha512.o
LOAD build/FreeRTOS/production/_ext/1664057780/cryptocb.o
LOAD build/FreeRTOS/production/_ext/1664057780/sp_x86_64.o
LOAD build/FreeRTOS/production/_ext/1664057780/integer.o
LOAD build/FreeRTOS/production/_ext/1664057780/eccsi.o
LOAD build/FreeRTOS/production/_ext/1664057780/sakke.o
LOAD build/FreeRTOS/production/_ext/1664057780/falcon.o
LOAD build/FreeRTOS/production/_ext/1664057780/kdf.o
LOAD build/FreeRTOS/production/_ext/1664057780/siphash.o
LOAD build/FreeRTOS/production/_ext/1360937237/app.o
LOAD build/FreeRTOS/production/_ext/1360937237/main.o
                0x0000000000000001                __MPLAB_BUILD = 0x1
                0x0000000000100000                __rom_end = (ORIGIN (rom) + LENGTH (rom))
                0x0000000020040000                __ram_end = (ORIGIN (ram) + LENGTH (ram))

.config_00804000
 *(.config_00804000)

.config_00804004
 *(.config_00804004)

.config_00804008
 *(.config_00804008)

.vectors        0x0000000000000000      0x264
                0x0000000000000000                . = ALIGN (0x4)
                0x0000000000000000                _sfixed = .
 *(.vectors .vectors.* .vectors_default .vectors_default.*)
 .vectors.exception_table
                0x0000000000000000      0x264 build/FreeRTOS/production/_ext/161576091/interrupts.o
                0x0000000000000000                exception_table
 *(.isr_vector)
 *(.reset*)
 *(.after_vectors)

.text           0x0000000000000264       0x20
                0x0000000000000264                . = ALIGN (0x4)
 *(.glue_7t)
 .glue_7t       0x0000000000000264        0x0 linker stubs
 *(.glue_7)
 .glue_7        0x0000000000000264        0x0 linker stubs
 *(.gnu.linkonce.r.*)
 *(.ARM.extab* .gnu.linkonce.armextab.*)
                0x0000000000000264                . = ALIGN (0x4)
 *(.init)
 .init          0x0000000000000264        0x4 c:/program files/microchip/xc32/v4.45/bin/bin/../../lib/gcc/pic32c/8.3.1/thumb/v7e-m+fp/hard/crti.o
                0x0000000000000264                _init
 .init          0x0000000000000268        0x8 c:/program files/microchip/xc32/v4.45/bin/bin/../../lib/gcc/pic32c/8.3.1/thumb/v7e-m+fp/hard/crtn.o
                0x0000000000000270                . = ALIGN (0x4)
                0x0000000000000270                __preinit_array_start = .
 *(.preinit_array)
                0x0000000000000270                __preinit_array_end = .
                0x0000000000000270                . = ALIGN (0x4)
                0x0000000000000270                __init_array_start = .
 *(SORT_BY_NAME(.init_array.*))
 *(.init_array)
 .init_array    0x0000000000000270        0x4 c:/program files/microchip/xc32/v4.45/bin/bin/../../lib/gcc/pic32c/8.3.1/thumb/v7e-m+fp/hard/crtbegin.o
                0x0000000000000274                __init_array_end = .
                0x0000000000000274                . = ALIGN (0x4)
 *crtbegin.o(.ctors)
 *(EXCLUDE_FILE(*crtend.o) .ctors)
 *(SORT_BY_NAME(.ctors.*))
 *crtend.o(.ctors)
                0x0000000000000274                . = ALIGN (0x4)
 *(.fini)
 .fini          0x0000000000000274        0x4 c:/program files/microchip/xc32/v4.45/bin/bin/../../lib/gcc/pic32c/8.3.1/thumb/v7e-m+fp/hard/crti.o
                0x0000000000000274                _fini
 .fini          0x0000000000000278        0x8 c:/program files/microchip/xc32/v4.45/bin/bin/../../lib/gcc/pic32c/8.3.1/thumb/v7e-m+fp/hard/crtn.o
                0x0000000000000280                . = ALIGN (0x4)
                0x0000000000000280                __fini_array_start = .
 *(.fini_array)
 .fini_array    0x0000000000000280        0x4 c:/program files/microchip/xc32/v4.45/bin/bin/../../lib/gcc/pic32c/8.3.1/thumb/v7e-m+fp/hard/crtbegin.o
 *(SORT_BY_NAME(.fini_array.*))
                0x0000000000000284                __fini_array_end = .
 *crtbegin.o(.dtors)
 *(EXCLUDE_FILE(*crtend.o) .dtors)
 *(SORT_BY_NAME(.dtors.*))
 *crtend.o(.dtors)
                0x0000000000000284                . = ALIGN (0x4)
                0x0000000000000284                _efixed = .
                [!provide]                        PROVIDE (__exidx_start = .)

.ARM.exidx      0x0000000000000284        0x8
 *(.ARM.exidx* .gnu.linkonce.armexidx.*)
 .ARM.exidx     0x0000000000000284        0x8 c:/program files/microchip/xc32/v4.45/bin/bin/../../lib/gcc/pic32c/8.3.1/thumb/v7e-m+fp/hard\libgcc.a(_udivmoddi4.o)
                [!provide]                        PROVIDE (__exidx_end = .)
                0x000000000000028c                . = ALIGN (0x4)
                0x000000000000028c                _etext = .

.bss            0x0000000020000000        0x0
                0x0000000020000000                . = ALIGN (0x4)
                0x0000000020000000                __bss_start__ = .
                0x0000000020000000                _sbss = .
                0x0000000020000000                _szero = .
 *(COMMON)
                0x0000000020000000                . = ALIGN (0x4)
                0x0000000020000000                __bss_end__ = .
                0x0000000020000000                _ebss = .
                0x0000000020000000                _ezero = .
                0x0000000020000000                . = ALIGN (0x4)
                0x0000000020000000                _end = .
                0x000000002003ffff                _ram_end_ = ((ORIGIN (ram) + LENGTH (ram)) - 0x1)

.bkupram_bss
 *(.bkupram_bss .bkupram_bss.*)
 *(.pbss .pbss.*)
                0x000000000000afa0                _min_heap_size = 0xafa0
START GROUP
LOAD c:/program files/microchip/xc32/v4.45/bin/bin/../../lib/gcc/pic32c/8.3.1/../../../../pic32c/lib/thumb/v7e-m+fp/hard\libpic32c.a
LOAD c:/program files/microchip/xc32/v4.45/bin/bin/../../lib/gcc/pic32c/8.3.1/../../../../pic32c/lib/thumb/v7e-m+fp/hard\libc-size-musl.a
LOAD c:/program files/microchip/xc32/v4.45/bin/bin/../../lib/gcc/pic32c/8.3.1/../../../../pic32c/lib/thumb/v7e-m+fp/hard\liblmalloc-musl.a
LOAD c:/program files/microchip/xc32/v4.45/bin/bin/../../lib/gcc/pic32c/8.3.1/../../../../pic32c/lib/thumb/v7e-m+fp/hard\libm-fast-emfloat.a
LOAD c:/program files/microchip/xc32/v4.45/bin/bin/../../lib/gcc/pic32c/8.3.1/../../../../pic32c/lib/thumb/v7e-m+fp/hard\libm-musl.a
LOAD c:/program files/microchip/xc32/v4.45/bin/bin/../../lib/gcc/pic32c/8.3.1/../../../../pic32c/lib/thumb/v7e-m+fp/hard\libc-musl.a
LOAD c:/program files/microchip/xc32/v4.45/bin/bin/../../lib/gcc/pic32c/8.3.1/../../../../pic32c/lib/thumb/v7e-m+fp/hard\libm-fast-emfloat.a
LOAD c:/program files/microchip/xc32/v4.45/bin/bin/../../lib/gcc/pic32c/8.3.1/../../../../pic32c/lib/thumb/v7e-m+fp/hard\libm-musl.a
LOAD c:/program files/microchip/xc32/v4.45/bin/bin/../../lib/gcc/pic32c/8.3.1/thumb/v7e-m+fp/hard\libgcc.a
END GROUP
LOAD c:/program files/microchip/xc32/v4.45/bin/bin/../../lib/gcc/pic32c/8.3.1/thumb/v7e-m+fp/hard/crtend.o
LOAD c:/program files/microchip/xc32/v4.45/bin/bin/../../lib/gcc/pic32c/8.3.1/thumb/v7e-m+fp/hard/crtn.o
OUTPUT(dist/FreeRTOS/production/tcpip_iperf_10base_t1s_freertos.X.production.elf elf32-littlearm)
LOAD data_init
LOAD stack

.ARM.attributes
                0x0000000000000000       0x32
 .ARM.attributes
                0x0000000000000000       0x1e c:/program files/microchip/xc32/v4.45/bin/bin/../../lib/gcc/pic32c/8.3.1/thumb/v7e-m+fp/hard/crti.o
 .ARM.attributes
                0x000000000000001e       0x34 c:/program files/microchip/xc32/v4.45/bin/bin/../../lib/gcc/pic32c/8.3.1/thumb/v7e-m+fp/hard/crtbegin.o
 .ARM.attributes
                0x0000000000000052       0x34 build/FreeRTOS/production/_ext/1609394304/crypto.o
 .ARM.attributes
                0x0000000000000086       0x34 build/FreeRTOS/production/_ext/1785105562/tc6.o
 .ARM.attributes
                0x00000000000000ba       0x34 build/FreeRTOS/production/_ext/585597058/drv_lan865x_api.o
 .ARM.attributes
                0x00000000000000ee       0x34 build/FreeRTOS/production/_ext/1348046844/drv_spi.o
 .ARM.attributes
                0x0000000000000122       0x34 build/FreeRTOS/production/_ext/540595297/helpers.o
 .ARM.attributes
                0x0000000000000156       0x34 build/FreeRTOS/production/_ext/540595297/tcpip_commands.o
 .ARM.attributes
                0x000000000000018a       0x34 build/FreeRTOS/production/_ext/540595297/tcpip_packet.o
 .ARM.attributes
                0x00000000000001be       0x34 build/FreeRTOS/production/_ext/540595297/tcpip_helpers.o
 .ARM.attributes
                0x00000000000001f2       0x34 build/FreeRTOS/production/_ext/540595297/tcpip_heap_internal.o
 .ARM.attributes
                0x0000000000000226       0x34 build/FreeRTOS/production/_ext/540595297/tcpip_notify.o
 .ARM.attributes
                0x000000000000025a       0x34 build/FreeRTOS/production/_ext/540595297/iperf.o
 .ARM.attributes
                0x000000000000028e       0x34 build/FreeRTOS/production/_ext/540595297/tcp.o
 .ARM.attributes
                0x00000000000002c2       0x34 build/FreeRTOS/production/_ext/540595297/udp.o
 .ARM.attributes
                0x00000000000002f6       0x34 build/FreeRTOS/production/_ext/540595297/tcpip_manager.o
 .ARM.attributes
                0x000000000000032a       0x34 build/FreeRTOS/production/_ext/540595297/tcpip_heap_alloc.o
 .ARM.attributes
                0x000000000000035e       0x34 build/FreeRTOS/production/_ext/540595297/hash_fnv.o
 .ARM.attributes
                0x0000000000000392       0x34 build/FreeRTOS/production/_ext/540595297/arp.o
 .ARM.attributes
                0x00000000000003c6       0x34 build/FreeRTOS/production/_ext/540595297/icmp.o
 .ARM.attributes
                0x00000000000003fa       0x34 build/FreeRTOS/production/_ext/540595297/ipv4.o
 .ARM.attributes
                0x000000000000042e       0x34 build/FreeRTOS/production/_ext/540595297/oahash.o
 .ARM.attributes
                0x0000000000000462       0x34 build/FreeRTOS/production/_ext/540595297/dns.o
 .ARM.attributes
                0x0000000000000496       0x34 build/FreeRTOS/production/_ext/891571577/osal_freertos.o
 .ARM.attributes
                0x00000000000004ca       0x34 build/FreeRTOS/production/_ext/892004133/plib_clock.o
 .ARM.attributes
                0x00000000000004fe       0x34 build/FreeRTOS/production/_ext/1495216012/plib_dmac.o
 .ARM.attributes
                0x0000000000000532       0x34 build/FreeRTOS/production/_ext/894153619/plib_evsys.o
 .ARM.attributes
                0x0000000000000566       0x34 build/FreeRTOS/production/_ext/1494909205/plib_nvic.o
 .ARM.attributes
                0x000000000000059a       0x34 build/FreeRTOS/production/_ext/320424729/plib_nvmctrl.o
 .ARM.attributes
                0x00000000000005ce       0x34 build/FreeRTOS/production/_ext/1494856054/plib_port.o
 .ARM.attributes
                0x0000000000000602       0x34 build/FreeRTOS/production/_ext/1428073114/plib_sercom0_spi_master.o
 .ARM.attributes
                0x0000000000000636       0x34 build/FreeRTOS/production/_ext/2092608928/plib_sercom1_usart.o
 .ARM.attributes
                0x000000000000066a       0x34 build/FreeRTOS/production/_ext/579449528/plib_tc0.o
 .ARM.attributes
                0x000000000000069e       0x34 build/FreeRTOS/production/_ext/1005353002/sys_command.o
 .ARM.attributes
                0x00000000000006d2       0x34 build/FreeRTOS/production/_ext/548640822/sys_console.o
 .ARM.attributes
                0x0000000000000706       0x34 build/FreeRTOS/production/_ext/548640822/sys_console_uart.o
 .ARM.attributes
                0x000000000000073a       0x34 build/FreeRTOS/production/_ext/147610190/sys_debug.o
 .ARM.attributes
                0x000000000000076e       0x34 build/FreeRTOS/production/_ext/50312702/sys_dma.o
 .ARM.attributes
                0x00000000000007a2       0x34 build/FreeRTOS/production/_ext/1690414130/sys_int.o
 .ARM.attributes
                0x00000000000007d6       0x34 build/FreeRTOS/production/_ext/1093154855/sys_reset.o
 .ARM.attributes
                0x000000000000080a       0x34 build/FreeRTOS/production/_ext/832704728/sys_time.o
 .ARM.attributes
                0x000000000000083e       0x34 build/FreeRTOS/production/_ext/2072568807/sys_time_h2_adapter.o
 .ARM.attributes
                0x0000000000000872       0x34 build/FreeRTOS/production/_ext/2072568807/sys_random_h2_adapter.o
 .ARM.attributes
                0x00000000000008a6       0x34 build/FreeRTOS/production/_ext/161576091/tasks.o
 .ARM.attributes
                0x00000000000008da       0x34 build/FreeRTOS/production/_ext/161576091/freertos_hooks.o
 .ARM.attributes
                0x000000000000090e       0x34 build/FreeRTOS/production/_ext/161576091/startup_xc32.o
 .ARM.attributes
                0x0000000000000942       0x34 build/FreeRTOS/production/_ext/161576091/initialization.o
 .ARM.attributes
                0x0000000000000976       0x34 build/FreeRTOS/production/_ext/161576091/interrupts.o
 .ARM.attributes
                0x00000000000009aa       0x34 build/FreeRTOS/production/_ext/161576091/exceptions.o
 .ARM.attributes
                0x00000000000009de       0x34 build/FreeRTOS/production/_ext/246609638/port.o
 .ARM.attributes
                0x0000000000000a12       0x34 build/FreeRTOS/production/_ext/1665200909/heap_1.o
 .ARM.attributes
                0x0000000000000a46       0x34 build/FreeRTOS/production/_ext/404212886/list.o
 .ARM.attributes
                0x0000000000000a7a       0x34 build/FreeRTOS/production/_ext/404212886/FreeRTOS_tasks.o
 .ARM.attributes
                0x0000000000000aae       0x34 build/FreeRTOS/production/_ext/404212886/queue.o
 .ARM.attributes
                0x0000000000000ae2       0x34 build/FreeRTOS/production/_ext/172253694/crypt_wolfcryptcb.o
 .ARM.attributes
                0x0000000000000b16       0x34 build/FreeRTOS/production/_ext/1664057780/md5.o
 .ARM.attributes
                0x0000000000000b4a       0x34 build/FreeRTOS/production/_ext/1664057780/sha256.o
 .ARM.attributes
                0x0000000000000b7e       0x34 build/FreeRTOS/production/_ext/1664057780/random.o
 .ARM.attributes
                0x0000000000000bb2       0x34 build/FreeRTOS/production/_ext/1664057780/cryptocb.o
 .ARM.attributes
                0x0000000000000be6       0x34 build/FreeRTOS/production/_ext/1360937237/app.o
 .ARM.attributes
                0x0000000000000c1a       0x34 build/FreeRTOS/production/_ext/1360937237/main.o
 .ARM.attributes
                0x0000000000000c4e       0x34 c:/program files/microchip/xc32/v4.45/bin/bin/../../lib/gcc/pic32c/8.3.1/../../../../pic32c/lib/thumb/v7e-m+fp/hard\libpic32c.a(data_init.o)
 .ARM.attributes
                0x0000000000000c82       0x36 c:/program files/microchip/xc32/v4.45/bin/bin/../../lib/gcc/pic32c/8.3.1/../../../../pic32c/lib/thumb/v7e-m+fp/hard\libc-size-musl.a(memcmp.o)
 .ARM.attributes
                0x0000000000000cb8       0x36 c:/program files/microchip/xc32/v4.45/bin/bin/../../lib/gcc/pic32c/8.3.1/../../../../pic32c/lib/thumb/v7e-m+fp/hard\libc-size-musl.a(memcpy.o)
 .ARM.attributes
                0x0000000000000cee       0x36 c:/program files/microchip/xc32/v4.45/bin/bin/../../lib/gcc/pic32c/8.3.1/../../../../pic32c/lib/thumb/v7e-m+fp/hard\libc-size-musl.a(memset.o)
 .ARM.attributes
                0x0000000000000d24       0x36 c:/program files/microchip/xc32/v4.45/bin/bin/../../lib/gcc/pic32c/8.3.1/../../../../pic32c/lib/thumb/v7e-m+fp/hard\libc-size-musl.a(strlen.o)
 .ARM.attributes
                0x0000000000000d5a       0x36 c:/program files/microchip/xc32/v4.45/bin/bin/../../lib/gcc/pic32c/8.3.1/../../../../pic32c/lib/thumb/v7e-m+fp/hard\libc-size-musl.a(strchr.o)
 .ARM.attributes
                0x0000000000000d90       0x36 c:/program files/microchip/xc32/v4.45/bin/bin/../../lib/gcc/pic32c/8.3.1/../../../../pic32c/lib/thumb/v7e-m+fp/hard\libc-size-musl.a(strchrnul.o)
 .ARM.attributes
                0x0000000000000dc6       0x36 c:/program files/microchip/xc32/v4.45/bin/bin/../../lib/gcc/pic32c/8.3.1/../../../../pic32c/lib/thumb/v7e-m+fp/hard\libc-size-musl.a(strcmp.o)
 .ARM.attributes
                0x0000000000000dfc       0x36 c:/program files/microchip/xc32/v4.45/bin/bin/../../lib/gcc/pic32c/8.3.1/../../../../pic32c/lib/thumb/v7e-m+fp/hard\libc-size-musl.a(strcpy.o)
 .ARM.attributes
                0x0000000000000e32       0x36 c:/program files/microchip/xc32/v4.45/bin/bin/../../lib/gcc/pic32c/8.3.1/../../../../pic32c/lib/thumb/v7e-m+fp/hard\libc-size-musl.a(strncmp.o)
 .ARM.attributes
                0x0000000000000e68       0x36 c:/program files/microchip/xc32/v4.45/bin/bin/../../lib/gcc/pic32c/8.3.1/../../../../pic32c/lib/thumb/v7e-m+fp/hard\libc-size-musl.a(strncpy.o)
 .ARM.attributes
                0x0000000000000e9e       0x36 c:/program files/microchip/xc32/v4.45/bin/bin/../../lib/gcc/pic32c/8.3.1/../../../../pic32c/lib/thumb/v7e-m+fp/hard\libc-size-musl.a(strrchr.o)
 .ARM.attributes
                0x0000000000000ed4       0x36 c:/program files/microchip/xc32/v4.45/bin/bin/../../lib/gcc/pic32c/8.3.1/../../../../pic32c/lib/thumb/v7e-m+fp/hard\libc-size-musl.a(strtok.o)
 .ARM.attributes
                0x0000000000000f0a       0x36 c:/program files/microchip/xc32/v4.45/bin/bin/../../lib/gcc/pic32c/8.3.1/../../../../pic32c/lib/thumb/v7e-m+fp/hard\libc-size-musl.a(memrchr.o)
 .ARM.attributes
                0x0000000000000f40       0x36 c:/program files/microchip/xc32/v4.45/bin/bin/../../lib/gcc/pic32c/8.3.1/../../../../pic32c/lib/thumb/v7e-m+fp/hard\libc-size-musl.a(stpcpy.o)
 .ARM.attributes
                0x0000000000000f76       0x36 c:/program files/microchip/xc32/v4.45/bin/bin/../../lib/gcc/pic32c/8.3.1/../../../../pic32c/lib/thumb/v7e-m+fp/hard\libc-size-musl.a(stpncpy.o)
 .ARM.attributes
                0x0000000000000fac       0x36 c:/program files/microchip/xc32/v4.45/bin/bin/../../lib/gcc/pic32c/8.3.1/../../../../pic32c/lib/thumb/v7e-m+fp/hard\libc-size-musl.a(strcspn.o)
 .ARM.attributes
                0x0000000000000fe2       0x36 c:/program files/microchip/xc32/v4.45/bin/bin/../../lib/gcc/pic32c/8.3.1/../../../../pic32c/lib/thumb/v7e-m+fp/hard\libc-size-musl.a(strspn.o)
 .ARM.attributes
                0x0000000000001018       0x36 c:/program files/microchip/xc32/v4.45/bin/bin/../../lib/gcc/pic32c/8.3.1/../../../../pic32c/lib/thumb/v7e-m+fp/hard\liblmalloc-musl.a(lite_free.o)
 .ARM.attributes
                0x000000000000104e       0x36 c:/program files/microchip/xc32/v4.45/bin/bin/../../lib/gcc/pic32c/8.3.1/../../../../pic32c/lib/thumb/v7e-m+fp/hard\liblmalloc-musl.a(lite_malloc.o)
 .ARM.attributes
                0x0000000000001084       0x20 c:/program files/microchip/xc32/v4.45/bin/bin/../../lib/gcc/pic32c/8.3.1/../../../../pic32c/lib/thumb/v7e-m+fp/hard\libm-fast-emfloat.a(__aeabi_dadd.o)
 .ARM.attributes
                0x00000000000010a4       0x20 c:/program files/microchip/xc32/v4.45/bin/bin/../../lib/gcc/pic32c/8.3.1/../../../../pic32c/lib/thumb/v7e-m+fp/hard\libm-fast-emfloat.a(__aeabi_dsub.o)
 .ARM.attributes
                0x00000000000010c4       0x20 c:/program files/microchip/xc32/v4.45/bin/bin/../../lib/gcc/pic32c/8.3.1/../../../../pic32c/lib/thumb/v7e-m+fp/hard\libm-fast-emfloat.a(__aeabi_dmul.o)
 .ARM.attributes
                0x00000000000010e4       0x20 c:/program files/microchip/xc32/v4.45/bin/bin/../../lib/gcc/pic32c/8.3.1/../../../../pic32c/lib/thumb/v7e-m+fp/hard\libm-fast-emfloat.a(__aeabi_ddiv.o)
 .ARM.attributes
                0x0000000000001104       0x20 c:/program files/microchip/xc32/v4.45/bin/bin/../../lib/gcc/pic32c/8.3.1/../../../../pic32c/lib/thumb/v7e-m+fp/hard\libm-fast-emfloat.a(__aeabi_dcmpgt.o)
 .ARM.attributes
                0x0000000000001124       0x20 c:/program files/microchip/xc32/v4.45/bin/bin/../../lib/gcc/pic32c/8.3.1/../../../../pic32c/lib/thumb/v7e-m+fp/hard\libm-fast-emfloat.a(__aeabi_d2uiz.o)
 .ARM.attributes
                0x0000000000001144       0x20 c:/program files/microchip/xc32/v4.45/bin/bin/../../lib/gcc/pic32c/8.3.1/../../../../pic32c/lib/thumb/v7e-m+fp/hard\libm-fast-emfloat.a(__aeabi_i2d.o)
 .ARM.attributes
                0x0000000000001164       0x20 c:/program files/microchip/xc32/v4.45/bin/bin/../../lib/gcc/pic32c/8.3.1/../../../../pic32c/lib/thumb/v7e-m+fp/hard\libm-fast-emfloat.a(__aeabi_ui2d.o)
 .ARM.attributes
                0x0000000000001184       0x36 c:/program files/microchip/xc32/v4.45/bin/bin/../../lib/gcc/pic32c/8.3.1/../../../../pic32c/lib/thumb/v7e-m+fp/hard\libc-musl.a(isxdigit.o)
 .ARM.attributes
                0x00000000000011ba       0x36 c:/program files/microchip/xc32/v4.45/bin/bin/../../lib/gcc/pic32c/8.3.1/../../../../pic32c/lib/thumb/v7e-m+fp/hard\libc-musl.a(tolower.o)
 .ARM.attributes
                0x00000000000011f0       0x36 c:/program files/microchip/xc32/v4.45/bin/bin/../../lib/gcc/pic32c/8.3.1/../../../../pic32c/lib/thumb/v7e-m+fp/hard\libc-musl.a(toupper.o)
 .ARM.attributes
                0x0000000000001226       0x36 c:/program files/microchip/xc32/v4.45/bin/bin/../../lib/gcc/pic32c/8.3.1/../../../../pic32c/lib/thumb/v7e-m+fp/hard\libc-musl.a(__libc_start_main.o)
 .ARM.attributes
                0x000000000000125c       0x34 c:/program files/microchip/xc32/v4.45/bin/bin/../../lib/gcc/pic32c/8.3.1/../../../../pic32c/lib/thumb/v7e-m+fp/hard\libc-musl.a(__errno_location.o)
 .ARM.attributes
                0x0000000000001290       0x34 c:/program files/microchip/xc32/v4.45/bin/bin/../../lib/gcc/pic32c/8.3.1/../../../../pic32c/lib/thumb/v7e-m+fp/hard\libc-musl.a(libc.o)
 .ARM.attributes
                0x00000000000012c4       0x36 c:/program files/microchip/xc32/v4.45/bin/bin/../../lib/gcc/pic32c/8.3.1/../../../../pic32c/lib/thumb/v7e-m+fp/hard\libc-musl.a(expand_heap.o)
 .ARM.attributes
                0x00000000000012fa       0x36 c:/program files/microchip/xc32/v4.45/bin/bin/../../lib/gcc/pic32c/8.3.1/../../../../pic32c/lib/thumb/v7e-m+fp/hard\libc-musl.a(rand.o)
 .ARM.attributes
                0x0000000000001330       0x36 c:/program files/microchip/xc32/v4.45/bin/bin/../../lib/gcc/pic32c/8.3.1/../../../../pic32c/lib/thumb/v7e-m+fp/hard\libc-musl.a(vsnprintf.o)
 .ARM.attributes
                0x0000000000001366       0x36 c:/program files/microchip/xc32/v4.45/bin/bin/../../lib/gcc/pic32c/8.3.1/../../../../pic32c/lib/thumb/v7e-m+fp/hard\libc-musl.a(snprintf.o)
 .ARM.attributes
                0x000000000000139c       0x36 c:/program files/microchip/xc32/v4.45/bin/bin/../../lib/gcc/pic32c/8.3.1/../../../../pic32c/lib/thumb/v7e-m+fp/hard\libc-musl.a(sprintf.o)
 .ARM.attributes
                0x00000000000013d2       0x36 c:/program files/microchip/xc32/v4.45/bin/bin/../../lib/gcc/pic32c/8.3.1/../../../../pic32c/lib/thumb/v7e-m+fp/hard\libc-musl.a(vsprintf.o)
 .ARM.attributes
                0x0000000000001408       0x36 c:/program files/microchip/xc32/v4.45/bin/bin/../../lib/gcc/pic32c/8.3.1/../../../../pic32c/lib/thumb/v7e-m+fp/hard\libc-musl.a(atoi.o)
 .ARM.attributes
                0x000000000000143e       0x36 c:/program files/microchip/xc32/v4.45/bin/bin/../../lib/gcc/pic32c/8.3.1/../../../../pic32c/lib/thumb/v7e-m+fp/hard\libc-musl.a(strtol.o)
 .ARM.attributes
                0x0000000000001474       0x34 c:/program files/microchip/xc32/v4.45/bin/bin/../../lib/gcc/pic32c/8.3.1/../../../../pic32c/lib/thumb/v7e-m+fp/hard\libc-musl.a(__environ.o)
 .ARM.attributes
                0x00000000000014a8       0x36 c:/program files/microchip/xc32/v4.45/bin/bin/../../lib/gcc/pic32c/8.3.1/../../../../pic32c/lib/thumb/v7e-m+fp/hard\libc-musl.a(intscan.o)
 .ARM.attributes
                0x00000000000014de       0x36 c:/program files/microchip/xc32/v4.45/bin/bin/../../lib/gcc/pic32c/8.3.1/../../../../pic32c/lib/thumb/v7e-m+fp/hard\libc-musl.a(shgetc.o)
 .ARM.attributes
                0x0000000000001514       0x36 c:/program files/microchip/xc32/v4.45/bin/bin/../../lib/gcc/pic32c/8.3.1/../../../../pic32c/lib/thumb/v7e-m+fp/hard\libc-musl.a(__uflow.o)
 .ARM.attributes
                0x000000000000154a       0x36 c:/program files/microchip/xc32/v4.45/bin/bin/../../lib/gcc/pic32c/8.3.1/../../../../pic32c/lib/thumb/v7e-m+fp/hard\libc-musl.a(vfprintf.o)
 .ARM.attributes
                0x0000000000001580       0x36 c:/program files/microchip/xc32/v4.45/bin/bin/../../lib/gcc/pic32c/8.3.1/../../../../pic32c/lib/thumb/v7e-m+fp/hard\libc-musl.a(__toread.o)
 .ARM.attributes
                0x00000000000015b6       0x36 c:/program files/microchip/xc32/v4.45/bin/bin/../../lib/gcc/pic32c/8.3.1/../../../../pic32c/lib/thumb/v7e-m+fp/hard\libc-musl.a(__pop_float.o)
 .ARM.attributes
                0x00000000000015ec       0x36 c:/program files/microchip/xc32/v4.45/bin/bin/../../lib/gcc/pic32c/8.3.1/../../../../pic32c/lib/thumb/v7e-m+fp/hard\libc-musl.a(__pop_int.o)
 .ARM.attributes
                0x0000000000001622       0x36 c:/program files/microchip/xc32/v4.45/bin/bin/../../lib/gcc/pic32c/8.3.1/../../../../pic32c/lib/thumb/v7e-m+fp/hard\libc-musl.a(__pop_ptr.o)
 .ARM.attributes
                0x0000000000001658       0x36 c:/program files/microchip/xc32/v4.45/bin/bin/../../lib/gcc/pic32c/8.3.1/../../../../pic32c/lib/thumb/v7e-m+fp/hard\libc-musl.a(__printf_core.o)
 .ARM.attributes
                0x000000000000168e       0x36 c:/program files/microchip/xc32/v4.45/bin/bin/../../lib/gcc/pic32c/8.3.1/../../../../pic32c/lib/thumb/v7e-m+fp/hard\libc-musl.a(__fmt_a.o)
 .ARM.attributes
                0x00000000000016c4       0x36 c:/program files/microchip/xc32/v4.45/bin/bin/../../lib/gcc/pic32c/8.3.1/../../../../pic32c/lib/thumb/v7e-m+fp/hard\libc-musl.a(__fmt_d.o)
 .ARM.attributes
                0x00000000000016fa       0x36 c:/program files/microchip/xc32/v4.45/bin/bin/../../lib/gcc/pic32c/8.3.1/../../../../pic32c/lib/thumb/v7e-m+fp/hard\libc-musl.a(__fmt_fp.o)
 .ARM.attributes
                0x0000000000001730       0x36 c:/program files/microchip/xc32/v4.45/bin/bin/../../lib/gcc/pic32c/8.3.1/../../../../pic32c/lib/thumb/v7e-m+fp/hard\libc-musl.a(__fmt_o.o)
 .ARM.attributes
                0x0000000000001766       0x36 c:/program files/microchip/xc32/v4.45/bin/bin/../../lib/gcc/pic32c/8.3.1/../../../../pic32c/lib/thumb/v7e-m+fp/hard\libc-musl.a(__fmt_s.o)
 .ARM.attributes
                0x000000000000179c       0x36 c:/program files/microchip/xc32/v4.45/bin/bin/../../lib/gcc/pic32c/8.3.1/../../../../pic32c/lib/thumb/v7e-m+fp/hard\libc-musl.a(__fmt_u.o)
 .ARM.attributes
                0x00000000000017d2       0x36 c:/program files/microchip/xc32/v4.45/bin/bin/../../lib/gcc/pic32c/8.3.1/../../../../pic32c/lib/thumb/v7e-m+fp/hard\libc-musl.a(__fmt_x.o)
 .ARM.attributes
                0x0000000000001808       0x36 c:/program files/microchip/xc32/v4.45/bin/bin/../../lib/gcc/pic32c/8.3.1/../../../../pic32c/lib/thumb/v7e-m+fp/hard\libc-musl.a(__cvt_u.o)
 .ARM.attributes
                0x000000000000183e       0x34 c:/program files/microchip/xc32/v4.45/bin/bin/../../lib/gcc/pic32c/8.3.1/../../../../pic32c/lib/thumb/v7e-m+fp/hard\libm-fast-emfloat.a(fma.o)
 .ARM.attributes
                0x0000000000001872       0x34 c:/program files/microchip/xc32/v4.45/bin/bin/../../lib/gcc/pic32c/8.3.1/../../../../pic32c/lib/thumb/v7e-m+fp/hard\libm-fast-emfloat.a(floor.o)
 .ARM.attributes
                0x00000000000018a6       0x20 c:/program files/microchip/xc32/v4.45/bin/bin/../../lib/gcc/pic32c/8.3.1/../../../../pic32c/lib/thumb/v7e-m+fp/hard\libm-fast-emfloat.a(__aeabi_dcmple.o)
 .ARM.attributes
                0x00000000000018c6       0x20 c:/program files/microchip/xc32/v4.45/bin/bin/../../lib/gcc/pic32c/8.3.1/../../../../pic32c/lib/thumb/v7e-m+fp/hard\libm-fast-emfloat.a(__aeabi_dcmpeq.o)
 .ARM.attributes
                0x00000000000018e6       0x20 c:/program files/microchip/xc32/v4.45/bin/bin/../../lib/gcc/pic32c/8.3.1/../../../../pic32c/lib/thumb/v7e-m+fp/hard\libm-fast-emfloat.a(__aeabi_dcmplt.o)
 .ARM.attributes
                0x0000000000001906       0x20 c:/program files/microchip/xc32/v4.45/bin/bin/../../lib/gcc/pic32c/8.3.1/../../../../pic32c/lib/thumb/v7e-m+fp/hard\libm-fast-emfloat.a(__aeabi_d2iz.o)
 .ARM.attributes
                0x0000000000001926       0x1e c:/program files/microchip/xc32/v4.45/bin/bin/../../lib/gcc/pic32c/8.3.1/thumb/v7e-m+fp/hard\libgcc.a(_aeabi_uldivmod.o)
 .ARM.attributes
                0x0000000000001944       0x34 c:/program files/microchip/xc32/v4.45/bin/bin/../../lib/gcc/pic32c/8.3.1/thumb/v7e-m+fp/hard\libgcc.a(_udivmoddi4.o)
 .ARM.attributes
                0x0000000000001978       0x1e c:/program files/microchip/xc32/v4.45/bin/bin/../../lib/gcc/pic32c/8.3.1/thumb/v7e-m+fp/hard\libgcc.a(_dvmd_tls.o)
 .ARM.attributes
                0x0000000000001996       0x34 c:/program files/microchip/xc32/v4.45/bin/bin/../../lib/gcc/pic32c/8.3.1/../../../../pic32c/lib/thumb/v7e-m+fp/hard\libpic32c.a(sbrk.o)
 .ARM.attributes
                0x00000000000019ca       0x1e c:/program files/microchip/xc32/v4.45/bin/bin/../../lib/gcc/pic32c/8.3.1/thumb/v7e-m+fp/hard/crtn.o
 .ARM.attributes
                0x00000000000019e8       0x34 c:/program files/microchip/xc32/v4.45/bin/bin/../../lib/gcc/pic32c/8.3.1/../../../../pic32c/lib/thumb/v7e-m+fp/hard\libpic32c.a(pic32_data_init_clear.o)
 .ARM.attributes
                0x0000000000001a1c       0x34 c:/program files/microchip/xc32/v4.45/bin/bin/../../lib/gcc/pic32c/8.3.1/../../../../pic32c/lib/thumb/v7e-m+fp/hard\libpic32c.a(pic32_data_init_copy.o)

.comment        0x0000000000000000       0x2b
 .comment       0x0000000000000000       0x2b c:/program files/microchip/xc32/v4.45/bin/bin/../../lib/gcc/pic32c/8.3.1/thumb/v7e-m+fp/hard/crtbegin.o
                                         0x2c (size before relaxing)
 .comment       0x000000000000002b       0x2c build/FreeRTOS/production/_ext/1609394304/crypto.o
 .comment       0x000000000000002b       0x2c build/FreeRTOS/production/_ext/1785105562/tc6.o
 .comment       0x000000000000002b       0x2c build/FreeRTOS/production/_ext/585597058/drv_lan865x_api.o
 .comment       0x000000000000002b       0x2c build/FreeRTOS/production/_ext/1348046844/drv_spi.o
 .comment       0x000000000000002b       0x2c build/FreeRTOS/production/_ext/540595297/helpers.o
 .comment       0x000000000000002b       0x2c build/FreeRTOS/production/_ext/540595297/tcpip_commands.o
 .comment       0x000000000000002b       0x2c build/FreeRTOS/production/_ext/540595297/tcpip_packet.o
 .comment       0x000000000000002b       0x2c build/FreeRTOS/production/_ext/540595297/tcpip_helpers.o
 .comment       0x000000000000002b       0x2c build/FreeRTOS/production/_ext/540595297/tcpip_heap_internal.o
 .comment       0x000000000000002b       0x2c build/FreeRTOS/production/_ext/540595297/tcpip_notify.o
 .comment       0x000000000000002b       0x2c build/FreeRTOS/production/_ext/540595297/iperf.o
 .comment       0x000000000000002b       0x2c build/FreeRTOS/production/_ext/540595297/tcp.o
 .comment       0x000000000000002b       0x2c build/FreeRTOS/production/_ext/540595297/udp.o
 .comment       0x000000000000002b       0x2c build/FreeRTOS/production/_ext/540595297/tcpip_manager.o
 .comment       0x000000000000002b       0x2c build/FreeRTOS/production/_ext/540595297/tcpip_heap_alloc.o
 .comment       0x000000000000002b       0x2c build/FreeRTOS/production/_ext/540595297/hash_fnv.o
 .comment       0x000000000000002b       0x2c build/FreeRTOS/production/_ext/540595297/arp.o
 .comment       0x000000000000002b       0x2c build/FreeRTOS/production/_ext/540595297/icmp.o
 .comment       0x000000000000002b       0x2c build/FreeRTOS/production/_ext/540595297/ipv4.o
 .comment       0x000000000000002b       0x2c build/FreeRTOS/production/_ext/540595297/oahash.o
 .comment       0x000000000000002b       0x2c build/FreeRTOS/production/_ext/540595297/dns.o
 .comment       0x000000000000002b       0x2c build/FreeRTOS/production/_ext/891571577/osal_freertos.o
 .comment       0x000000000000002b       0x2c build/FreeRTOS/production/_ext/892004133/plib_clock.o
 .comment       0x000000000000002b       0x2c build/FreeRTOS/production/_ext/1495216012/plib_dmac.o
 .comment       0x000000000000002b       0x2c build/FreeRTOS/production/_ext/894153619/plib_evsys.o
 .comment       0x000000000000002b       0x2c build/FreeRTOS/production/_ext/1494909205/plib_nvic.o
 .comment       0x000000000000002b       0x2c build/FreeRTOS/production/_ext/320424729/plib_nvmctrl.o
 .comment       0x000000000000002b       0x2c build/FreeRTOS/production/_ext/1494856054/plib_port.o
 .comment       0x000000000000002b       0x2c build/FreeRTOS/production/_ext/1428073114/plib_sercom0_spi_master.o
 .comment       0x000000000000002b       0x2c build/FreeRTOS/production/_ext/2092608928/plib_sercom1_usart.o
 .comment       0x000000000000002b       0x2c build/FreeRTOS/production/_ext/579449528/plib_tc0.o
 .comment       0x000000000000002b       0x2c build/FreeRTOS/production/_ext/1005353002/sys_command.o
 .comment       0x000000000000002b       0x2c build/FreeRTOS/production/_ext/548640822/sys_console.o
 .comment       0x000000000000002b       0x2c build/FreeRTOS/production/_ext/548640822/sys_console_uart.o
 .comment       0x000000000000002b       0x2c build/FreeRTOS/production/_ext/147610190/sys_debug.o
 .comment       0x000000000000002b       0x2c build/FreeRTOS/production/_ext/50312702/sys_dma.o
 .comment       0x000000000000002b       0x2c build/FreeRTOS/production/_ext/1690414130/sys_int.o
 .comment       0x000000000000002b       0x2c build/FreeRTOS/production/_ext/1093154855/sys_reset.o
 .comment       0x000000000000002b       0x2c build/FreeRTOS/production/_ext/832704728/sys_time.o
 .comment       0x000000000000002b       0x2c build/FreeRTOS/production/_ext/2072568807/sys_time_h2_adapter.o
 .comment       0x000000000000002b       0x2c build/FreeRTOS/production/_ext/2072568807/sys_random_h2_adapter.o
 .comment       0x000000000000002b       0x2c build/FreeRTOS/production/_ext/161576091/tasks.o
 .comment       0x000000000000002b       0x2c build/FreeRTOS/production/_ext/161576091/freertos_hooks.o
 .comment       0x000000000000002b       0x2c build/FreeRTOS/production/_ext/161576091/startup_xc32.o
 .comment       0x000000000000002b       0x2c build/FreeRTOS/production/_ext/161576091/initialization.o
 .comment       0x000000000000002b       0x2c build/FreeRTOS/production/_ext/161576091/interrupts.o
 .comment       0x000000000000002b       0x2c build/FreeRTOS/production/_ext/161576091/exceptions.o
 .comment       0x000000000000002b       0x2c build/FreeRTOS/production/_ext/246609638/port.o
 .comment       0x000000000000002b       0x2c build/FreeRTOS/production/_ext/1665200909/heap_1.o
 .comment       0x000000000000002b       0x2c build/FreeRTOS/production/_ext/404212886/list.o
 .comment       0x000000000000002b       0x2c build/FreeRTOS/production/_ext/404212886/FreeRTOS_tasks.o
 .comment       0x000000000000002b       0x2c build/FreeRTOS/production/_ext/404212886/queue.o
 .comment       0x000000000000002b       0x2c build/FreeRTOS/production/_ext/172253694/crypt_wolfcryptcb.o
 .comment       0x000000000000002b       0x2c build/FreeRTOS/production/_ext/1664057780/md5.o
 .comment       0x000000000000002b       0x2c build/FreeRTOS/production/_ext/1664057780/sha256.o
 .comment       0x000000000000002b       0x2c build/FreeRTOS/production/_ext/1664057780/random.o
 .comment       0x000000000000002b       0x2c build/FreeRTOS/production/_ext/1664057780/cryptocb.o
 .comment       0x000000000000002b       0x2c build/FreeRTOS/production/_ext/1360937237/app.o
 .comment       0x000000000000002b       0x2c build/FreeRTOS/production/_ext/1360937237/main.o
 .comment       0x000000000000002b       0x2c c:/program files/microchip/xc32/v4.45/bin/bin/../../lib/gcc/pic32c/8.3.1/../../../../pic32c/lib/thumb/v7e-m+fp/hard\libpic32c.a(data_init.o)
 .comment       0x000000000000002b       0x2c c:/program files/microchip/xc32/v4.45/bin/bin/../../lib/gcc/pic32c/8.3.1/../../../../pic32c/lib/thumb/v7e-m+fp/hard\libc-size-musl.a(memcmp.o)
 .comment       0x000000000000002b       0x2c c:/program files/microchip/xc32/v4.45/bin/bin/../../lib/gcc/pic32c/8.3.1/../../../../pic32c/lib/thumb/v7e-m+fp/hard\libc-size-musl.a(memcpy.o)
 .comment       0x000000000000002b       0x2c c:/program files/microchip/xc32/v4.45/bin/bin/../../lib/gcc/pic32c/8.3.1/../../../../pic32c/lib/thumb/v7e-m+fp/hard\libc-size-musl.a(memset.o)
 .comment       0x000000000000002b       0x2c c:/program files/microchip/xc32/v4.45/bin/bin/../../lib/gcc/pic32c/8.3.1/../../../../pic32c/lib/thumb/v7e-m+fp/hard\libc-size-musl.a(strlen.o)
 .comment       0x000000000000002b       0x2c c:/program files/microchip/xc32/v4.45/bin/bin/../../lib/gcc/pic32c/8.3.1/../../../../pic32c/lib/thumb/v7e-m+fp/hard\libc-size-musl.a(strchr.o)
 .comment       0x000000000000002b       0x2c c:/program files/microchip/xc32/v4.45/bin/bin/../../lib/gcc/pic32c/8.3.1/../../../../pic32c/lib/thumb/v7e-m+fp/hard\libc-size-musl.a(strchrnul.o)
 .comment       0x000000000000002b       0x2c c:/program files/microchip/xc32/v4.45/bin/bin/../../lib/gcc/pic32c/8.3.1/../../../../pic32c/lib/thumb/v7e-m+fp/hard\libc-size-musl.a(strcmp.o)
 .comment       0x000000000000002b       0x2c c:/program files/microchip/xc32/v4.45/bin/bin/../../lib/gcc/pic32c/8.3.1/../../../../pic32c/lib/thumb/v7e-m+fp/hard\libc-size-musl.a(strcpy.o)
 .comment       0x000000000000002b       0x2c c:/program files/microchip/xc32/v4.45/bin/bin/../../lib/gcc/pic32c/8.3.1/../../../../pic32c/lib/thumb/v7e-m+fp/hard\libc-size-musl.a(strncmp.o)
 .comment       0x000000000000002b       0x2c c:/program files/microchip/xc32/v4.45/bin/bin/../../lib/gcc/pic32c/8.3.1/../../../../pic32c/lib/thumb/v7e-m+fp/hard\libc-size-musl.a(strncpy.o)
 .comment       0x000000000000002b       0x2c c:/program files/microchip/xc32/v4.45/bin/bin/../../lib/gcc/pic32c/8.3.1/../../../../pic32c/lib/thumb/v7e-m+fp/hard\libc-size-musl.a(strrchr.o)
 .comment       0x000000000000002b       0x2c c:/program files/microchip/xc32/v4.45/bin/bin/../../lib/gcc/pic32c/8.3.1/../../../../pic32c/lib/thumb/v7e-m+fp/hard\libc-size-musl.a(strtok.o)
 .comment       0x000000000000002b       0x2c c:/program files/microchip/xc32/v4.45/bin/bin/../../lib/gcc/pic32c/8.3.1/../../../../pic32c/lib/thumb/v7e-m+fp/hard\libc-size-musl.a(memrchr.o)
 .comment       0x000000000000002b       0x2c c:/program files/microchip/xc32/v4.45/bin/bin/../../lib/gcc/pic32c/8.3.1/../../../../pic32c/lib/thumb/v7e-m+fp/hard\libc-size-musl.a(stpcpy.o)
 .comment       0x000000000000002b       0x2c c:/program files/microchip/xc32/v4.45/bin/bin/../../lib/gcc/pic32c/8.3.1/../../../../pic32c/lib/thumb/v7e-m+fp/hard\libc-size-musl.a(stpncpy.o)
 .comment       0x000000000000002b       0x2c c:/program files/microchip/xc32/v4.45/bin/bin/../../lib/gcc/pic32c/8.3.1/../../../../pic32c/lib/thumb/v7e-m+fp/hard\libc-size-musl.a(strcspn.o)
 .comment       0x000000000000002b       0x2c c:/program files/microchip/xc32/v4.45/bin/bin/../../lib/gcc/pic32c/8.3.1/../../../../pic32c/lib/thumb/v7e-m+fp/hard\libc-size-musl.a(strspn.o)
 .comment       0x000000000000002b       0x2c c:/program files/microchip/xc32/v4.45/bin/bin/../../lib/gcc/pic32c/8.3.1/../../../../pic32c/lib/thumb/v7e-m+fp/hard\liblmalloc-musl.a(lite_free.o)
 .comment       0x000000000000002b       0x2c c:/program files/microchip/xc32/v4.45/bin/bin/../../lib/gcc/pic32c/8.3.1/../../../../pic32c/lib/thumb/v7e-m+fp/hard\liblmalloc-musl.a(lite_malloc.o)
 .comment       0x000000000000002b       0x2c c:/program files/microchip/xc32/v4.45/bin/bin/../../lib/gcc/pic32c/8.3.1/../../../../pic32c/lib/thumb/v7e-m+fp/hard\libc-musl.a(isxdigit.o)
 .comment       0x000000000000002b       0x2c c:/program files/microchip/xc32/v4.45/bin/bin/../../lib/gcc/pic32c/8.3.1/../../../../pic32c/lib/thumb/v7e-m+fp/hard\libc-musl.a(tolower.o)
 .comment       0x000000000000002b       0x2c c:/program files/microchip/xc32/v4.45/bin/bin/../../lib/gcc/pic32c/8.3.1/../../../../pic32c/lib/thumb/v7e-m+fp/hard\libc-musl.a(toupper.o)
 .comment       0x000000000000002b       0x2c c:/program files/microchip/xc32/v4.45/bin/bin/../../lib/gcc/pic32c/8.3.1/../../../../pic32c/lib/thumb/v7e-m+fp/hard\libc-musl.a(__libc_start_main.o)
 .comment       0x000000000000002b       0x2c c:/program files/microchip/xc32/v4.45/bin/bin/../../lib/gcc/pic32c/8.3.1/../../../../pic32c/lib/thumb/v7e-m+fp/hard\libc-musl.a(__errno_location.o)
 .comment       0x000000000000002b       0x2c c:/program files/microchip/xc32/v4.45/bin/bin/../../lib/gcc/pic32c/8.3.1/../../../../pic32c/lib/thumb/v7e-m+fp/hard\libc-musl.a(libc.o)
 .comment       0x000000000000002b       0x2c c:/program files/microchip/xc32/v4.45/bin/bin/../../lib/gcc/pic32c/8.3.1/../../../../pic32c/lib/thumb/v7e-m+fp/hard\libc-musl.a(expand_heap.o)
 .comment       0x000000000000002b       0x2c c:/program files/microchip/xc32/v4.45/bin/bin/../../lib/gcc/pic32c/8.3.1/../../../../pic32c/lib/thumb/v7e-m+fp/hard\libc-musl.a(rand.o)
 .comment       0x000000000000002b       0x2c c:/program files/microchip/xc32/v4.45/bin/bin/../../lib/gcc/pic32c/8.3.1/../../../../pic32c/lib/thumb/v7e-m+fp/hard\libc-musl.a(vsnprintf.o)
 .comment       0x000000000000002b       0x2c c:/program files/microchip/xc32/v4.45/bin/bin/../../lib/gcc/pic32c/8.3.1/../../../../pic32c/lib/thumb/v7e-m+fp/hard\libc-musl.a(snprintf.o)
 .comment       0x000000000000002b       0x2c c:/program files/microchip/xc32/v4.45/bin/bin/../../lib/gcc/pic32c/8.3.1/../../../../pic32c/lib/thumb/v7e-m+fp/hard\libc-musl.a(sprintf.o)
 .comment       0x000000000000002b       0x2c c:/program files/microchip/xc32/v4.45/bin/bin/../../lib/gcc/pic32c/8.3.1/../../../../pic32c/lib/thumb/v7e-m+fp/hard\libc-musl.a(vsprintf.o)
 .comment       0x000000000000002b       0x2c c:/program files/microchip/xc32/v4.45/bin/bin/../../lib/gcc/pic32c/8.3.1/../../../../pic32c/lib/thumb/v7e-m+fp/hard\libc-musl.a(atoi.o)
 .comment       0x000000000000002b       0x2c c:/program files/microchip/xc32/v4.45/bin/bin/../../lib/gcc/pic32c/8.3.1/../../../../pic32c/lib/thumb/v7e-m+fp/hard\libc-musl.a(strtol.o)
 .comment       0x000000000000002b       0x2c c:/program files/microchip/xc32/v4.45/bin/bin/../../lib/gcc/pic32c/8.3.1/../../../../pic32c/lib/thumb/v7e-m+fp/hard\libc-musl.a(__environ.o)
 .comment       0x000000000000002b       0x2c c:/program files/microchip/xc32/v4.45/bin/bin/../../lib/gcc/pic32c/8.3.1/../../../../pic32c/lib/thumb/v7e-m+fp/hard\libc-musl.a(intscan.o)
 .comment       0x000000000000002b       0x2c c:/program files/microchip/xc32/v4.45/bin/bin/../../lib/gcc/pic32c/8.3.1/../../../../pic32c/lib/thumb/v7e-m+fp/hard\libc-musl.a(shgetc.o)
 .comment       0x000000000000002b       0x2c c:/program files/microchip/xc32/v4.45/bin/bin/../../lib/gcc/pic32c/8.3.1/../../../../pic32c/lib/thumb/v7e-m+fp/hard\libc-musl.a(__uflow.o)
 .comment       0x000000000000002b       0x2c c:/program files/microchip/xc32/v4.45/bin/bin/../../lib/gcc/pic32c/8.3.1/../../../../pic32c/lib/thumb/v7e-m+fp/hard\libc-musl.a(vfprintf.o)
 .comment       0x000000000000002b       0x2c c:/program files/microchip/xc32/v4.45/bin/bin/../../lib/gcc/pic32c/8.3.1/../../../../pic32c/lib/thumb/v7e-m+fp/hard\libc-musl.a(__toread.o)
 .comment       0x000000000000002b       0x2c c:/program files/microchip/xc32/v4.45/bin/bin/../../lib/gcc/pic32c/8.3.1/../../../../pic32c/lib/thumb/v7e-m+fp/hard\libc-musl.a(__pop_float.o)
 .comment       0x000000000000002b       0x2c c:/program files/microchip/xc32/v4.45/bin/bin/../../lib/gcc/pic32c/8.3.1/../../../../pic32c/lib/thumb/v7e-m+fp/hard\libc-musl.a(__pop_int.o)
 .comment       0x000000000000002b       0x2c c:/program files/microchip/xc32/v4.45/bin/bin/../../lib/gcc/pic32c/8.3.1/../../../../pic32c/lib/thumb/v7e-m+fp/hard\libc-musl.a(__pop_ptr.o)
 .comment       0x000000000000002b       0x2c c:/program files/microchip/xc32/v4.45/bin/bin/../../lib/gcc/pic32c/8.3.1/../../../../pic32c/lib/thumb/v7e-m+fp/hard\libc-musl.a(__printf_core.o)
 .comment       0x000000000000002b       0x2c c:/program files/microchip/xc32/v4.45/bin/bin/../../lib/gcc/pic32c/8.3.1/../../../../pic32c/lib/thumb/v7e-m+fp/hard\libc-musl.a(__fmt_a.o)
 .comment       0x000000000000002b       0x2c c:/program files/microchip/xc32/v4.45/bin/bin/../../lib/gcc/pic32c/8.3.1/../../../../pic32c/lib/thumb/v7e-m+fp/hard\libc-musl.a(__fmt_d.o)
 .comment       0x000000000000002b       0x2c c:/program files/microchip/xc32/v4.45/bin/bin/../../lib/gcc/pic32c/8.3.1/../../../../pic32c/lib/thumb/v7e-m+fp/hard\libc-musl.a(__fmt_fp.o)
 .comment       0x000000000000002b       0x2c c:/program files/microchip/xc32/v4.45/bin/bin/../../lib/gcc/pic32c/8.3.1/../../../../pic32c/lib/thumb/v7e-m+fp/hard\libc-musl.a(__fmt_o.o)
 .comment       0x000000000000002b       0x2c c:/program files/microchip/xc32/v4.45/bin/bin/../../lib/gcc/pic32c/8.3.1/../../../../pic32c/lib/thumb/v7e-m+fp/hard\libc-musl.a(__fmt_s.o)
 .comment       0x000000000000002b       0x2c c:/program files/microchip/xc32/v4.45/bin/bin/../../lib/gcc/pic32c/8.3.1/../../../../pic32c/lib/thumb/v7e-m+fp/hard\libc-musl.a(__fmt_u.o)
 .comment       0x000000000000002b       0x2c c:/program files/microchip/xc32/v4.45/bin/bin/../../lib/gcc/pic32c/8.3.1/../../../../pic32c/lib/thumb/v7e-m+fp/hard\libc-musl.a(__fmt_x.o)
 .comment       0x000000000000002b       0x2c c:/program files/microchip/xc32/v4.45/bin/bin/../../lib/gcc/pic32c/8.3.1/../../../../pic32c/lib/thumb/v7e-m+fp/hard\libc-musl.a(__cvt_u.o)
 .comment       0x000000000000002b       0x2c c:/program files/microchip/xc32/v4.45/bin/bin/../../lib/gcc/pic32c/8.3.1/../../../../pic32c/lib/thumb/v7e-m+fp/hard\libm-fast-emfloat.a(fma.o)
 .comment       0x000000000000002b       0x2c c:/program files/microchip/xc32/v4.45/bin/bin/../../lib/gcc/pic32c/8.3.1/../../../../pic32c/lib/thumb/v7e-m+fp/hard\libm-fast-emfloat.a(floor.o)
 .comment       0x000000000000002b       0x2c c:/program files/microchip/xc32/v4.45/bin/bin/../../lib/gcc/pic32c/8.3.1/thumb/v7e-m+fp/hard\libgcc.a(_udivmoddi4.o)
 .comment       0x000000000000002b       0x2c c:/program files/microchip/xc32/v4.45/bin/bin/../../lib/gcc/pic32c/8.3.1/../../../../pic32c/lib/thumb/v7e-m+fp/hard\libpic32c.a(sbrk.o)
 .comment       0x000000000000002b       0x2c c:/program files/microchip/xc32/v4.45/bin/bin/../../lib/gcc/pic32c/8.3.1/../../../../pic32c/lib/thumb/v7e-m+fp/hard\libpic32c.a(pic32_data_init_clear.o)
 .comment       0x000000000000002b       0x2c c:/program files/microchip/xc32/v4.45/bin/bin/../../lib/gcc/pic32c/8.3.1/../../../../pic32c/lib/thumb/v7e-m+fp/hard\libpic32c.a(pic32_data_init_copy.o)

.debug_info     0x0000000000000000    0x7aee6
 .debug_info    0x0000000000000000     0x317c build/FreeRTOS/production/_ext/1609394304/crypto.o
 .debug_info    0x000000000000317c     0x491c build/FreeRTOS/production/_ext/1785105562/tc6.o
 .debug_info    0x0000000000007a98     0x6129 build/FreeRTOS/production/_ext/585597058/drv_lan865x_api.o
 .debug_info    0x000000000000dbc1     0x30a7 build/FreeRTOS/production/_ext/1348046844/drv_spi.o
 .debug_info    0x0000000000010c68      0x3e5 build/FreeRTOS/production/_ext/540595297/helpers.o
 .debug_info    0x000000000001104d     0x5c36 build/FreeRTOS/production/_ext/540595297/tcpip_commands.o
 .debug_info    0x0000000000016c83     0x1f1a build/FreeRTOS/production/_ext/540595297/tcpip_packet.o
 .debug_info    0x0000000000018b9d     0x3302 build/FreeRTOS/production/_ext/540595297/tcpip_helpers.o
 .debug_info    0x000000000001be9f      0xf87 build/FreeRTOS/production/_ext/540595297/tcpip_heap_internal.o
 .debug_info    0x000000000001ce26      0x866 build/FreeRTOS/production/_ext/540595297/tcpip_notify.o
 .debug_info    0x000000000001d68c     0x5b4d build/FreeRTOS/production/_ext/540595297/iperf.o
 .debug_info    0x00000000000231d9     0x8e43 build/FreeRTOS/production/_ext/540595297/tcp.o
 .debug_info    0x000000000002c01c     0x6829 build/FreeRTOS/production/_ext/540595297/udp.o
 .debug_info    0x0000000000032845     0x9060 build/FreeRTOS/production/_ext/540595297/tcpip_manager.o
 .debug_info    0x000000000003b8a5      0x638 build/FreeRTOS/production/_ext/540595297/tcpip_heap_alloc.o
 .debug_info    0x000000000003bedd      0x1a3 build/FreeRTOS/production/_ext/540595297/hash_fnv.o
 .debug_info    0x000000000003c080     0x4cc4 build/FreeRTOS/production/_ext/540595297/arp.o
 .debug_info    0x0000000000040d44     0x2e86 build/FreeRTOS/production/_ext/540595297/icmp.o
 .debug_info    0x0000000000043bca     0x5261 build/FreeRTOS/production/_ext/540595297/ipv4.o
 .debug_info    0x0000000000048e2b      0x868 build/FreeRTOS/production/_ext/540595297/oahash.o
 .debug_info    0x0000000000049693     0x58e4 build/FreeRTOS/production/_ext/540595297/dns.o
 .debug_info    0x000000000004ef77      0x776 build/FreeRTOS/production/_ext/891571577/osal_freertos.o
 .debug_info    0x000000000004f6ed      0x639 build/FreeRTOS/production/_ext/892004133/plib_clock.o
 .debug_info    0x000000000004fd26      0xbca build/FreeRTOS/production/_ext/1495216012/plib_dmac.o
 .debug_info    0x00000000000508f0       0x9b build/FreeRTOS/production/_ext/894153619/plib_evsys.o
 .debug_info    0x000000000005098b      0xe21 build/FreeRTOS/production/_ext/1494909205/plib_nvic.o
 .debug_info    0x00000000000517ac      0x8e5 build/FreeRTOS/production/_ext/320424729/plib_nvmctrl.o
 .debug_info    0x0000000000052091      0x7f7 build/FreeRTOS/production/_ext/1494856054/plib_port.o
 .debug_info    0x0000000000052888      0xf96 build/FreeRTOS/production/_ext/1428073114/plib_sercom0_spi_master.o
 .debug_info    0x000000000005381e     0x1813 build/FreeRTOS/production/_ext/2092608928/plib_sercom1_usart.o
 .debug_info    0x0000000000055031      0x83d build/FreeRTOS/production/_ext/579449528/plib_tc0.o
 .debug_info    0x000000000005586e     0x235c build/FreeRTOS/production/_ext/1005353002/sys_command.o
 .debug_info    0x0000000000057bca      0xc08 build/FreeRTOS/production/_ext/548640822/sys_console.o
 .debug_info    0x00000000000587d2      0xc06 build/FreeRTOS/production/_ext/548640822/sys_console_uart.o
 .debug_info    0x00000000000593d8      0x36a build/FreeRTOS/production/_ext/147610190/sys_debug.o
 .debug_info    0x0000000000059742      0x347 build/FreeRTOS/production/_ext/50312702/sys_dma.o
 .debug_info    0x0000000000059a89      0x84f build/FreeRTOS/production/_ext/1690414130/sys_int.o
 .debug_info    0x000000000005a2d8      0x2f7 build/FreeRTOS/production/_ext/1093154855/sys_reset.o
 .debug_info    0x000000000005a5cf     0x1f3a build/FreeRTOS/production/_ext/832704728/sys_time.o
 .debug_info    0x000000000005c509      0x2fd build/FreeRTOS/production/_ext/2072568807/sys_time_h2_adapter.o
 .debug_info    0x000000000005c806      0x6f7 build/FreeRTOS/production/_ext/2072568807/sys_random_h2_adapter.o
 .debug_info    0x000000000005cefd      0x3da build/FreeRTOS/production/_ext/161576091/tasks.o
 .debug_info    0x000000000005d2d7      0x223 build/FreeRTOS/production/_ext/161576091/freertos_hooks.o
 .debug_info    0x000000000005d4fa      0x55b build/FreeRTOS/production/_ext/161576091/startup_xc32.o
 .debug_info    0x000000000005da55     0x3c2c build/FreeRTOS/production/_ext/161576091/initialization.o
 .debug_info    0x0000000000061681      0xab6 build/FreeRTOS/production/_ext/161576091/interrupts.o
 .debug_info    0x0000000000062137      0x116 build/FreeRTOS/production/_ext/161576091/exceptions.o
 .debug_info    0x000000000006224d      0x3c6 build/FreeRTOS/production/_ext/246609638/port.o
 .debug_info    0x0000000000062613      0x204 build/FreeRTOS/production/_ext/1665200909/heap_1.o
 .debug_info    0x0000000000062817      0x304 build/FreeRTOS/production/_ext/404212886/list.o
 .debug_info    0x0000000000062b1b     0x267a build/FreeRTOS/production/_ext/404212886/FreeRTOS_tasks.o
 .debug_info    0x0000000000065195     0x1b80 build/FreeRTOS/production/_ext/404212886/queue.o
 .debug_info    0x0000000000066d15     0x19d5 build/FreeRTOS/production/_ext/172253694/crypt_wolfcryptcb.o
 .debug_info    0x00000000000686ea     0x1ac1 build/FreeRTOS/production/_ext/1664057780/md5.o
 .debug_info    0x000000000006a1ab     0x2c34 build/FreeRTOS/production/_ext/1664057780/sha256.o
 .debug_info    0x000000000006cddf     0x2b19 build/FreeRTOS/production/_ext/1664057780/random.o
 .debug_info    0x000000000006f8f8     0x3a56 build/FreeRTOS/production/_ext/1664057780/cryptocb.o
 .debug_info    0x000000000007334e      0x520 build/FreeRTOS/production/_ext/1360937237/app.o
 .debug_info    0x000000000007386e       0xe4 build/FreeRTOS/production/_ext/1360937237/main.o
 .debug_info    0x0000000000073952       0x54 c:/program files/microchip/xc32/v4.45/bin/bin/../../lib/gcc/pic32c/8.3.1/../../../../pic32c/lib/thumb/v7e-m+fp/hard\libpic32c.a(data_init.o)
 .debug_info    0x00000000000739a6       0xe0 c:/program files/microchip/xc32/v4.45/bin/bin/../../lib/gcc/pic32c/8.3.1/../../../../pic32c/lib/thumb/v7e-m+fp/hard\libc-size-musl.a(memcmp.o)
 .debug_info    0x0000000000073a86       0xf3 c:/program files/microchip/xc32/v4.45/bin/bin/../../lib/gcc/pic32c/8.3.1/../../../../pic32c/lib/thumb/v7e-m+fp/hard\libc-size-musl.a(memcpy.o)
 .debug_info    0x0000000000073b79       0xbb c:/program files/microchip/xc32/v4.45/bin/bin/../../lib/gcc/pic32c/8.3.1/../../../../pic32c/lib/thumb/v7e-m+fp/hard\libc-size-musl.a(memset.o)
 .debug_info    0x0000000000073c34       0xa4 c:/program files/microchip/xc32/v4.45/bin/bin/../../lib/gcc/pic32c/8.3.1/../../../../pic32c/lib/thumb/v7e-m+fp/hard\libc-size-musl.a(strlen.o)
 .debug_info    0x0000000000073cd8       0xd2 c:/program files/microchip/xc32/v4.45/bin/bin/../../lib/gcc/pic32c/8.3.1/../../../../pic32c/lib/thumb/v7e-m+fp/hard\libc-size-musl.a(strchr.o)
 .debug_info    0x0000000000073daa      0x12c c:/program files/microchip/xc32/v4.45/bin/bin/../../lib/gcc/pic32c/8.3.1/../../../../pic32c/lib/thumb/v7e-m+fp/hard\libc-size-musl.a(strchrnul.o)
 .debug_info    0x0000000000073ed6       0x95 c:/program files/microchip/xc32/v4.45/bin/bin/../../lib/gcc/pic32c/8.3.1/../../../../pic32c/lib/thumb/v7e-m+fp/hard\libc-size-musl.a(strcmp.o)
 .debug_info    0x0000000000073f6b       0xbd c:/program files/microchip/xc32/v4.45/bin/bin/../../lib/gcc/pic32c/8.3.1/../../../../pic32c/lib/thumb/v7e-m+fp/hard\libc-size-musl.a(strcpy.o)
 .debug_info    0x0000000000074028       0xeb c:/program files/microchip/xc32/v4.45/bin/bin/../../lib/gcc/pic32c/8.3.1/../../../../pic32c/lib/thumb/v7e-m+fp/hard\libc-size-musl.a(strncmp.o)
 .debug_info    0x0000000000074113       0xde c:/program files/microchip/xc32/v4.45/bin/bin/../../lib/gcc/pic32c/8.3.1/../../../../pic32c/lib/thumb/v7e-m+fp/hard\libc-size-musl.a(strncpy.o)
 .debug_info    0x00000000000741f1       0xe4 c:/program files/microchip/xc32/v4.45/bin/bin/../../lib/gcc/pic32c/8.3.1/../../../../pic32c/lib/thumb/v7e-m+fp/hard\libc-size-musl.a(strrchr.o)
 .debug_info    0x00000000000742d5       0xf2 c:/program files/microchip/xc32/v4.45/bin/bin/../../lib/gcc/pic32c/8.3.1/../../../../pic32c/lib/thumb/v7e-m+fp/hard\libc-size-musl.a(strtok.o)
 .debug_info    0x00000000000743c7       0xe3 c:/program files/microchip/xc32/v4.45/bin/bin/../../lib/gcc/pic32c/8.3.1/../../../../pic32c/lib/thumb/v7e-m+fp/hard\libc-size-musl.a(memrchr.o)
 .debug_info    0x00000000000744aa       0xac c:/program files/microchip/xc32/v4.45/bin/bin/../../lib/gcc/pic32c/8.3.1/../../../../pic32c/lib/thumb/v7e-m+fp/hard\libc-size-musl.a(stpcpy.o)
 .debug_info    0x0000000000074556       0xe1 c:/program files/microchip/xc32/v4.45/bin/bin/../../lib/gcc/pic32c/8.3.1/../../../../pic32c/lib/thumb/v7e-m+fp/hard\libc-size-musl.a(stpncpy.o)
 .debug_info    0x0000000000074637      0x116 c:/program files/microchip/xc32/v4.45/bin/bin/../../lib/gcc/pic32c/8.3.1/../../../../pic32c/lib/thumb/v7e-m+fp/hard\libc-size-musl.a(strcspn.o)
 .debug_info    0x000000000007474d       0xf3 c:/program files/microchip/xc32/v4.45/bin/bin/../../lib/gcc/pic32c/8.3.1/../../../../pic32c/lib/thumb/v7e-m+fp/hard\libc-size-musl.a(strspn.o)
 .debug_info    0x0000000000074840      0x26f c:/program files/microchip/xc32/v4.45/bin/bin/../../lib/gcc/pic32c/8.3.1/../../../../pic32c/lib/thumb/v7e-m+fp/hard\liblmalloc-musl.a(lite_free.o)
 .debug_info    0x0000000000074aaf      0x1bd c:/program files/microchip/xc32/v4.45/bin/bin/../../lib/gcc/pic32c/8.3.1/../../../../pic32c/lib/thumb/v7e-m+fp/hard\liblmalloc-musl.a(lite_malloc.o)
 .debug_info    0x0000000000074c6c      0x12b c:/program files/microchip/xc32/v4.45/bin/bin/../../lib/gcc/pic32c/8.3.1/../../../../pic32c/lib/thumb/v7e-m+fp/hard\libc-musl.a(isxdigit.o)
 .debug_info    0x0000000000074d97      0x12b c:/program files/microchip/xc32/v4.45/bin/bin/../../lib/gcc/pic32c/8.3.1/../../../../pic32c/lib/thumb/v7e-m+fp/hard\libc-musl.a(tolower.o)
 .debug_info    0x0000000000074ec2      0x12b c:/program files/microchip/xc32/v4.45/bin/bin/../../lib/gcc/pic32c/8.3.1/../../../../pic32c/lib/thumb/v7e-m+fp/hard\libc-musl.a(toupper.o)
 .debug_info    0x0000000000074fed      0x2fb c:/program files/microchip/xc32/v4.45/bin/bin/../../lib/gcc/pic32c/8.3.1/../../../../pic32c/lib/thumb/v7e-m+fp/hard\libc-musl.a(__libc_start_main.o)
 .debug_info    0x00000000000752e8       0x5b c:/program files/microchip/xc32/v4.45/bin/bin/../../lib/gcc/pic32c/8.3.1/../../../../pic32c/lib/thumb/v7e-m+fp/hard\libc-musl.a(__errno_location.o)
 .debug_info    0x0000000000075343      0x276 c:/program files/microchip/xc32/v4.45/bin/bin/../../lib/gcc/pic32c/8.3.1/../../../../pic32c/lib/thumb/v7e-m+fp/hard\libc-musl.a(libc.o)
 .debug_info    0x00000000000755b9      0x10e c:/program files/microchip/xc32/v4.45/bin/bin/../../lib/gcc/pic32c/8.3.1/../../../../pic32c/lib/thumb/v7e-m+fp/hard\libc-musl.a(expand_heap.o)
 .debug_info    0x00000000000756c7       0xd9 c:/program files/microchip/xc32/v4.45/bin/bin/../../lib/gcc/pic32c/8.3.1/../../../../pic32c/lib/thumb/v7e-m+fp/hard\libc-musl.a(rand.o)
 .debug_info    0x00000000000757a0      0x43a c:/program files/microchip/xc32/v4.45/bin/bin/../../lib/gcc/pic32c/8.3.1/../../../../pic32c/lib/thumb/v7e-m+fp/hard\libc-musl.a(vsnprintf.o)
 .debug_info    0x0000000000075bda      0x13b c:/program files/microchip/xc32/v4.45/bin/bin/../../lib/gcc/pic32c/8.3.1/../../../../pic32c/lib/thumb/v7e-m+fp/hard\libc-musl.a(snprintf.o)
 .debug_info    0x0000000000075d15      0x116 c:/program files/microchip/xc32/v4.45/bin/bin/../../lib/gcc/pic32c/8.3.1/../../../../pic32c/lib/thumb/v7e-m+fp/hard\libc-musl.a(sprintf.o)
 .debug_info    0x0000000000075e2b      0x10e c:/program files/microchip/xc32/v4.45/bin/bin/../../lib/gcc/pic32c/8.3.1/../../../../pic32c/lib/thumb/v7e-m+fp/hard\libc-musl.a(vsprintf.o)
 .debug_info    0x0000000000075f39       0xf4 c:/program files/microchip/xc32/v4.45/bin/bin/../../lib/gcc/pic32c/8.3.1/../../../../pic32c/lib/thumb/v7e-m+fp/hard\libc-musl.a(atoi.o)
 .debug_info    0x000000000007602d      0x722 c:/program files/microchip/xc32/v4.45/bin/bin/../../lib/gcc/pic32c/8.3.1/../../../../pic32c/lib/thumb/v7e-m+fp/hard\libc-musl.a(strtol.o)
 .debug_info    0x000000000007674f       0x97 c:/program files/microchip/xc32/v4.45/bin/bin/../../lib/gcc/pic32c/8.3.1/../../../../pic32c/lib/thumb/v7e-m+fp/hard\libc-musl.a(__environ.o)
 .debug_info    0x00000000000767e6      0x595 c:/program files/microchip/xc32/v4.45/bin/bin/../../lib/gcc/pic32c/8.3.1/../../../../pic32c/lib/thumb/v7e-m+fp/hard\libc-musl.a(intscan.o)
 .debug_info    0x0000000000076d7b      0x39c c:/program files/microchip/xc32/v4.45/bin/bin/../../lib/gcc/pic32c/8.3.1/../../../../pic32c/lib/thumb/v7e-m+fp/hard\libc-musl.a(shgetc.o)
 .debug_info    0x0000000000077117      0x37c c:/program files/microchip/xc32/v4.45/bin/bin/../../lib/gcc/pic32c/8.3.1/../../../../pic32c/lib/thumb/v7e-m+fp/hard\libc-musl.a(__uflow.o)
 .debug_info    0x0000000000077493      0x406 c:/program files/microchip/xc32/v4.45/bin/bin/../../lib/gcc/pic32c/8.3.1/../../../../pic32c/lib/thumb/v7e-m+fp/hard\libc-musl.a(vfprintf.o)
 .debug_info    0x0000000000077899      0x37e c:/program files/microchip/xc32/v4.45/bin/bin/../../lib/gcc/pic32c/8.3.1/../../../../pic32c/lib/thumb/v7e-m+fp/hard\libc-musl.a(__toread.o)
 .debug_info    0x0000000000077c17      0x162 c:/program files/microchip/xc32/v4.45/bin/bin/../../lib/gcc/pic32c/8.3.1/../../../../pic32c/lib/thumb/v7e-m+fp/hard\libc-musl.a(__pop_float.o)
 .debug_info    0x0000000000077d79      0x183 c:/program files/microchip/xc32/v4.45/bin/bin/../../lib/gcc/pic32c/8.3.1/../../../../pic32c/lib/thumb/v7e-m+fp/hard\libc-musl.a(__pop_int.o)
 .debug_info    0x0000000000077efc      0x187 c:/program files/microchip/xc32/v4.45/bin/bin/../../lib/gcc/pic32c/8.3.1/../../../../pic32c/lib/thumb/v7e-m+fp/hard\libc-musl.a(__pop_ptr.o)
 .debug_info    0x0000000000078083      0xa5d c:/program files/microchip/xc32/v4.45/bin/bin/../../lib/gcc/pic32c/8.3.1/../../../../pic32c/lib/thumb/v7e-m+fp/hard\libc-musl.a(__printf_core.o)
 .debug_info    0x0000000000078ae0      0x646 c:/program files/microchip/xc32/v4.45/bin/bin/../../lib/gcc/pic32c/8.3.1/../../../../pic32c/lib/thumb/v7e-m+fp/hard\libc-musl.a(__fmt_a.o)
 .debug_info    0x0000000000079126      0x330 c:/program files/microchip/xc32/v4.45/bin/bin/../../lib/gcc/pic32c/8.3.1/../../../../pic32c/lib/thumb/v7e-m+fp/hard\libc-musl.a(__fmt_d.o)
 .debug_info    0x0000000000079456      0x673 c:/program files/microchip/xc32/v4.45/bin/bin/../../lib/gcc/pic32c/8.3.1/../../../../pic32c/lib/thumb/v7e-m+fp/hard\libc-musl.a(__fmt_fp.o)
 .debug_info    0x0000000000079ac9      0x301 c:/program files/microchip/xc32/v4.45/bin/bin/../../lib/gcc/pic32c/8.3.1/../../../../pic32c/lib/thumb/v7e-m+fp/hard\libc-musl.a(__fmt_o.o)
 .debug_info    0x0000000000079dca      0x2b2 c:/program files/microchip/xc32/v4.45/bin/bin/../../lib/gcc/pic32c/8.3.1/../../../../pic32c/lib/thumb/v7e-m+fp/hard\libc-musl.a(__fmt_s.o)
 .debug_info    0x000000000007a07c      0x301 c:/program files/microchip/xc32/v4.45/bin/bin/../../lib/gcc/pic32c/8.3.1/../../../../pic32c/lib/thumb/v7e-m+fp/hard\libc-musl.a(__fmt_u.o)
 .debug_info    0x000000000007a37d      0x331 c:/program files/microchip/xc32/v4.45/bin/bin/../../lib/gcc/pic32c/8.3.1/../../../../pic32c/lib/thumb/v7e-m+fp/hard\libc-musl.a(__fmt_x.o)
 .debug_info    0x000000000007a6ae      0x1d9 c:/program files/microchip/xc32/v4.45/bin/bin/../../lib/gcc/pic32c/8.3.1/../../../../pic32c/lib/thumb/v7e-m+fp/hard\libc-musl.a(__cvt_u.o)
 .debug_info    0x000000000007a887       0x26 c:/program files/microchip/xc32/v4.45/bin/bin/../../lib/gcc/pic32c/8.3.1/thumb/v7e-m+fp/hard\libgcc.a(_aeabi_uldivmod.o)
 .debug_info    0x000000000007a8ad      0x52a c:/program files/microchip/xc32/v4.45/bin/bin/../../lib/gcc/pic32c/8.3.1/thumb/v7e-m+fp/hard\libgcc.a(_udivmoddi4.o)
 .debug_info    0x000000000007add7       0x26 c:/program files/microchip/xc32/v4.45/bin/bin/../../lib/gcc/pic32c/8.3.1/thumb/v7e-m+fp/hard\libgcc.a(_dvmd_tls.o)
 .debug_info    0x000000000007adfd       0x6a c:/program files/microchip/xc32/v4.45/bin/bin/../../lib/gcc/pic32c/8.3.1/../../../../pic32c/lib/thumb/v7e-m+fp/hard\libpic32c.a(sbrk.o)
 .debug_info    0x000000000007ae67       0x3f c:/program files/microchip/xc32/v4.45/bin/bin/../../lib/gcc/pic32c/8.3.1/../../../../pic32c/lib/thumb/v7e-m+fp/hard\libpic32c.a(pic32_data_init_clear.o)
 .debug_info    0x000000000007aea6       0x40 c:/program files/microchip/xc32/v4.45/bin/bin/../../lib/gcc/pic32c/8.3.1/../../../../pic32c/lib/thumb/v7e-m+fp/hard\libpic32c.a(pic32_data_init_copy.o)

.debug_abbrev   0x0000000000000000     0xee10
 .debug_abbrev  0x0000000000000000      0x373 build/FreeRTOS/production/_ext/1609394304/crypto.o
 .debug_abbrev  0x0000000000000373      0x588 build/FreeRTOS/production/_ext/1785105562/tc6.o
 .debug_abbrev  0x00000000000008fb      0x6bf build/FreeRTOS/production/_ext/585597058/drv_lan865x_api.o
 .debug_abbrev  0x0000000000000fba      0x4d0 build/FreeRTOS/production/_ext/1348046844/drv_spi.o
 .debug_abbrev  0x000000000000148a      0x205 build/FreeRTOS/production/_ext/540595297/helpers.o
 .debug_abbrev  0x000000000000168f      0x4c3 build/FreeRTOS/production/_ext/540595297/tcpip_commands.o
 .debug_abbrev  0x0000000000001b52      0x4eb build/FreeRTOS/production/_ext/540595297/tcpip_packet.o
 .debug_abbrev  0x000000000000203d      0x4f3 build/FreeRTOS/production/_ext/540595297/tcpip_helpers.o
 .debug_abbrev  0x0000000000002530      0x369 build/FreeRTOS/production/_ext/540595297/tcpip_heap_internal.o
 .debug_abbrev  0x0000000000002899      0x252 build/FreeRTOS/production/_ext/540595297/tcpip_notify.o
 .debug_abbrev  0x0000000000002aeb      0x57b build/FreeRTOS/production/_ext/540595297/iperf.o
 .debug_abbrev  0x0000000000003066      0x6ae build/FreeRTOS/production/_ext/540595297/tcp.o
 .debug_abbrev  0x0000000000003714      0x60a build/FreeRTOS/production/_ext/540595297/udp.o
 .debug_abbrev  0x0000000000003d1e      0x714 build/FreeRTOS/production/_ext/540595297/tcpip_manager.o
 .debug_abbrev  0x0000000000004432      0x193 build/FreeRTOS/production/_ext/540595297/tcpip_heap_alloc.o
 .debug_abbrev  0x00000000000045c5       0xfa build/FreeRTOS/production/_ext/540595297/hash_fnv.o
 .debug_abbrev  0x00000000000046bf      0x612 build/FreeRTOS/production/_ext/540595297/arp.o
 .debug_abbrev  0x0000000000004cd1      0x511 build/FreeRTOS/production/_ext/540595297/icmp.o
 .debug_abbrev  0x00000000000051e2      0x562 build/FreeRTOS/production/_ext/540595297/ipv4.o
 .debug_abbrev  0x0000000000005744      0x2f0 build/FreeRTOS/production/_ext/540595297/oahash.o
 .debug_abbrev  0x0000000000005a34      0x5c1 build/FreeRTOS/production/_ext/540595297/dns.o
 .debug_abbrev  0x0000000000005ff5      0x1be build/FreeRTOS/production/_ext/891571577/osal_freertos.o
 .debug_abbrev  0x00000000000061b3      0x10b build/FreeRTOS/production/_ext/892004133/plib_clock.o
 .debug_abbrev  0x00000000000062be      0x35b build/FreeRTOS/production/_ext/1495216012/plib_dmac.o
 .debug_abbrev  0x0000000000006619       0x46 build/FreeRTOS/production/_ext/894153619/plib_evsys.o
 .debug_abbrev  0x000000000000665f      0x1fe build/FreeRTOS/production/_ext/1494909205/plib_nvic.o
 .debug_abbrev  0x000000000000685d      0x23c build/FreeRTOS/production/_ext/320424729/plib_nvmctrl.o
 .debug_abbrev  0x0000000000006a99      0x1cd build/FreeRTOS/production/_ext/1494856054/plib_port.o
 .debug_abbrev  0x0000000000006c66      0x276 build/FreeRTOS/production/_ext/1428073114/plib_sercom0_spi_master.o
 .debug_abbrev  0x0000000000006edc      0x428 build/FreeRTOS/production/_ext/2092608928/plib_sercom1_usart.o
 .debug_abbrev  0x0000000000007304      0x1be build/FreeRTOS/production/_ext/579449528/plib_tc0.o
 .debug_abbrev  0x00000000000074c2      0x487 build/FreeRTOS/production/_ext/1005353002/sys_command.o
 .debug_abbrev  0x0000000000007949      0x366 build/FreeRTOS/production/_ext/548640822/sys_console.o
 .debug_abbrev  0x0000000000007caf      0x2e8 build/FreeRTOS/production/_ext/548640822/sys_console_uart.o
 .debug_abbrev  0x0000000000007f97      0x196 build/FreeRTOS/production/_ext/147610190/sys_debug.o
 .debug_abbrev  0x000000000000812d       0xfd build/FreeRTOS/production/_ext/50312702/sys_dma.o
 .debug_abbrev  0x000000000000822a      0x25c build/FreeRTOS/production/_ext/1690414130/sys_int.o
 .debug_abbrev  0x0000000000008486      0x10b build/FreeRTOS/production/_ext/1093154855/sys_reset.o
 .debug_abbrev  0x0000000000008591      0x4f8 build/FreeRTOS/production/_ext/832704728/sys_time.o
 .debug_abbrev  0x0000000000008a89      0x15b build/FreeRTOS/production/_ext/2072568807/sys_time_h2_adapter.o
 .debug_abbrev  0x0000000000008be4      0x205 build/FreeRTOS/production/_ext/2072568807/sys_random_h2_adapter.o
 .debug_abbrev  0x0000000000008de9      0x17b build/FreeRTOS/production/_ext/161576091/tasks.o
 .debug_abbrev  0x0000000000008f64      0x159 build/FreeRTOS/production/_ext/161576091/freertos_hooks.o
 .debug_abbrev  0x00000000000090bd      0x1e3 build/FreeRTOS/production/_ext/161576091/startup_xc32.o
 .debug_abbrev  0x00000000000092a0      0x36b build/FreeRTOS/production/_ext/161576091/initialization.o
 .debug_abbrev  0x000000000000960b       0xe5 build/FreeRTOS/production/_ext/161576091/interrupts.o
 .debug_abbrev  0x00000000000096f0       0x49 build/FreeRTOS/production/_ext/161576091/exceptions.o
 .debug_abbrev  0x0000000000009739      0x231 build/FreeRTOS/production/_ext/246609638/port.o
 .debug_abbrev  0x000000000000996a      0x159 build/FreeRTOS/production/_ext/1665200909/heap_1.o
 .debug_abbrev  0x0000000000009ac3      0x133 build/FreeRTOS/production/_ext/404212886/list.o
 .debug_abbrev  0x0000000000009bf6      0x415 build/FreeRTOS/production/_ext/404212886/FreeRTOS_tasks.o
 .debug_abbrev  0x000000000000a00b      0x31b build/FreeRTOS/production/_ext/404212886/queue.o
 .debug_abbrev  0x000000000000a326      0x289 build/FreeRTOS/production/_ext/172253694/crypt_wolfcryptcb.o
 .debug_abbrev  0x000000000000a5af      0x355 build/FreeRTOS/production/_ext/1664057780/md5.o
 .debug_abbrev  0x000000000000a904      0x420 build/FreeRTOS/production/_ext/1664057780/sha256.o
 .debug_abbrev  0x000000000000ad24      0x40b build/FreeRTOS/production/_ext/1664057780/random.o
 .debug_abbrev  0x000000000000b12f      0x429 build/FreeRTOS/production/_ext/1664057780/cryptocb.o
 .debug_abbrev  0x000000000000b558      0x1b6 build/FreeRTOS/production/_ext/1360937237/app.o
 .debug_abbrev  0x000000000000b70e       0x82 build/FreeRTOS/production/_ext/1360937237/main.o
 .debug_abbrev  0x000000000000b790       0x44 c:/program files/microchip/xc32/v4.45/bin/bin/../../lib/gcc/pic32c/8.3.1/../../../../pic32c/lib/thumb/v7e-m+fp/hard\libpic32c.a(data_init.o)
 .debug_abbrev  0x000000000000b7d4       0x96 c:/program files/microchip/xc32/v4.45/bin/bin/../../lib/gcc/pic32c/8.3.1/../../../../pic32c/lib/thumb/v7e-m+fp/hard\libc-size-musl.a(memcmp.o)
 .debug_abbrev  0x000000000000b86a       0xbb c:/program files/microchip/xc32/v4.45/bin/bin/../../lib/gcc/pic32c/8.3.1/../../../../pic32c/lib/thumb/v7e-m+fp/hard\libc-size-musl.a(memcpy.o)
 .debug_abbrev  0x000000000000b925       0xa2 c:/program files/microchip/xc32/v4.45/bin/bin/../../lib/gcc/pic32c/8.3.1/../../../../pic32c/lib/thumb/v7e-m+fp/hard\libc-size-musl.a(memset.o)
 .debug_abbrev  0x000000000000b9c7       0x91 c:/program files/microchip/xc32/v4.45/bin/bin/../../lib/gcc/pic32c/8.3.1/../../../../pic32c/lib/thumb/v7e-m+fp/hard\libc-size-musl.a(strlen.o)
 .debug_abbrev  0x000000000000ba58       0xad c:/program files/microchip/xc32/v4.45/bin/bin/../../lib/gcc/pic32c/8.3.1/../../../../pic32c/lib/thumb/v7e-m+fp/hard\libc-size-musl.a(strchr.o)
 .debug_abbrev  0x000000000000bb05       0xb0 c:/program files/microchip/xc32/v4.45/bin/bin/../../lib/gcc/pic32c/8.3.1/../../../../pic32c/lib/thumb/v7e-m+fp/hard\libc-size-musl.a(strchrnul.o)
 .debug_abbrev  0x000000000000bbb5       0x6e c:/program files/microchip/xc32/v4.45/bin/bin/../../lib/gcc/pic32c/8.3.1/../../../../pic32c/lib/thumb/v7e-m+fp/hard\libc-size-musl.a(strcmp.o)
 .debug_abbrev  0x000000000000bc23       0xa2 c:/program files/microchip/xc32/v4.45/bin/bin/../../lib/gcc/pic32c/8.3.1/../../../../pic32c/lib/thumb/v7e-m+fp/hard\libc-size-musl.a(strcpy.o)
 .debug_abbrev  0x000000000000bcc5       0x91 c:/program files/microchip/xc32/v4.45/bin/bin/../../lib/gcc/pic32c/8.3.1/../../../../pic32c/lib/thumb/v7e-m+fp/hard\libc-size-musl.a(strncmp.o)
 .debug_abbrev  0x000000000000bd56       0x9d c:/program files/microchip/xc32/v4.45/bin/bin/../../lib/gcc/pic32c/8.3.1/../../../../pic32c/lib/thumb/v7e-m+fp/hard\libc-size-musl.a(strncpy.o)
 .debug_abbrev  0x000000000000bdf3       0xa9 c:/program files/microchip/xc32/v4.45/bin/bin/../../lib/gcc/pic32c/8.3.1/../../../../pic32c/lib/thumb/v7e-m+fp/hard\libc-size-musl.a(strrchr.o)
 .debug_abbrev  0x000000000000be9c       0xac c:/program files/microchip/xc32/v4.45/bin/bin/../../lib/gcc/pic32c/8.3.1/../../../../pic32c/lib/thumb/v7e-m+fp/hard\libc-size-musl.a(strtok.o)
 .debug_abbrev  0x000000000000bf48       0x9d c:/program files/microchip/xc32/v4.45/bin/bin/../../lib/gcc/pic32c/8.3.1/../../../../pic32c/lib/thumb/v7e-m+fp/hard\libc-size-musl.a(memrchr.o)
 .debug_abbrev  0x000000000000bfe5       0x6e c:/program files/microchip/xc32/v4.45/bin/bin/../../lib/gcc/pic32c/8.3.1/../../../../pic32c/lib/thumb/v7e-m+fp/hard\libc-size-musl.a(stpcpy.o)
 .debug_abbrev  0x000000000000c053       0xa5 c:/program files/microchip/xc32/v4.45/bin/bin/../../lib/gcc/pic32c/8.3.1/../../../../pic32c/lib/thumb/v7e-m+fp/hard\libc-size-musl.a(stpncpy.o)
 .debug_abbrev  0x000000000000c0f8       0xe1 c:/program files/microchip/xc32/v4.45/bin/bin/../../lib/gcc/pic32c/8.3.1/../../../../pic32c/lib/thumb/v7e-m+fp/hard\libc-size-musl.a(strcspn.o)
 .debug_abbrev  0x000000000000c1d9       0xd2 c:/program files/microchip/xc32/v4.45/bin/bin/../../lib/gcc/pic32c/8.3.1/../../../../pic32c/lib/thumb/v7e-m+fp/hard\libc-size-musl.a(strspn.o)
 .debug_abbrev  0x000000000000c2ab      0x195 c:/program files/microchip/xc32/v4.45/bin/bin/../../lib/gcc/pic32c/8.3.1/../../../../pic32c/lib/thumb/v7e-m+fp/hard\liblmalloc-musl.a(lite_free.o)
 .debug_abbrev  0x000000000000c440      0x117 c:/program files/microchip/xc32/v4.45/bin/bin/../../lib/gcc/pic32c/8.3.1/../../../../pic32c/lib/thumb/v7e-m+fp/hard\liblmalloc-musl.a(lite_malloc.o)
 .debug_abbrev  0x000000000000c557      0x108 c:/program files/microchip/xc32/v4.45/bin/bin/../../lib/gcc/pic32c/8.3.1/../../../../pic32c/lib/thumb/v7e-m+fp/hard\libc-musl.a(isxdigit.o)
 .debug_abbrev  0x000000000000c65f      0x108 c:/program files/microchip/xc32/v4.45/bin/bin/../../lib/gcc/pic32c/8.3.1/../../../../pic32c/lib/thumb/v7e-m+fp/hard\libc-musl.a(tolower.o)
 .debug_abbrev  0x000000000000c767      0x108 c:/program files/microchip/xc32/v4.45/bin/bin/../../lib/gcc/pic32c/8.3.1/../../../../pic32c/lib/thumb/v7e-m+fp/hard\libc-musl.a(toupper.o)
 .debug_abbrev  0x000000000000c86f      0x133 c:/program files/microchip/xc32/v4.45/bin/bin/../../lib/gcc/pic32c/8.3.1/../../../../pic32c/lib/thumb/v7e-m+fp/hard\libc-musl.a(__libc_start_main.o)
 .debug_abbrev  0x000000000000c9a2       0x39 c:/program files/microchip/xc32/v4.45/bin/bin/../../lib/gcc/pic32c/8.3.1/../../../../pic32c/lib/thumb/v7e-m+fp/hard\libc-musl.a(__errno_location.o)
 .debug_abbrev  0x000000000000c9db       0xd4 c:/program files/microchip/xc32/v4.45/bin/bin/../../lib/gcc/pic32c/8.3.1/../../../../pic32c/lib/thumb/v7e-m+fp/hard\libc-musl.a(libc.o)
 .debug_abbrev  0x000000000000caaf       0xc4 c:/program files/microchip/xc32/v4.45/bin/bin/../../lib/gcc/pic32c/8.3.1/../../../../pic32c/lib/thumb/v7e-m+fp/hard\libc-musl.a(expand_heap.o)
 .debug_abbrev  0x000000000000cb73       0x96 c:/program files/microchip/xc32/v4.45/bin/bin/../../lib/gcc/pic32c/8.3.1/../../../../pic32c/lib/thumb/v7e-m+fp/hard\libc-musl.a(rand.o)
 .debug_abbrev  0x000000000000cc09      0x195 c:/program files/microchip/xc32/v4.45/bin/bin/../../lib/gcc/pic32c/8.3.1/../../../../pic32c/lib/thumb/v7e-m+fp/hard\libc-musl.a(vsnprintf.o)
 .debug_abbrev  0x000000000000cd9e      0x106 c:/program files/microchip/xc32/v4.45/bin/bin/../../lib/gcc/pic32c/8.3.1/../../../../pic32c/lib/thumb/v7e-m+fp/hard\libc-musl.a(snprintf.o)
 .debug_abbrev  0x000000000000cea4      0x106 c:/program files/microchip/xc32/v4.45/bin/bin/../../lib/gcc/pic32c/8.3.1/../../../../pic32c/lib/thumb/v7e-m+fp/hard\libc-musl.a(sprintf.o)
 .debug_abbrev  0x000000000000cfaa       0xce c:/program files/microchip/xc32/v4.45/bin/bin/../../lib/gcc/pic32c/8.3.1/../../../../pic32c/lib/thumb/v7e-m+fp/hard\libc-musl.a(vsprintf.o)
 .debug_abbrev  0x000000000000d078       0xc6 c:/program files/microchip/xc32/v4.45/bin/bin/../../lib/gcc/pic32c/8.3.1/../../../../pic32c/lib/thumb/v7e-m+fp/hard\libc-musl.a(atoi.o)
 .debug_abbrev  0x000000000000d13e      0x1cf c:/program files/microchip/xc32/v4.45/bin/bin/../../lib/gcc/pic32c/8.3.1/../../../../pic32c/lib/thumb/v7e-m+fp/hard\libc-musl.a(strtol.o)
 .debug_abbrev  0x000000000000d30d       0x62 c:/program files/microchip/xc32/v4.45/bin/bin/../../lib/gcc/pic32c/8.3.1/../../../../pic32c/lib/thumb/v7e-m+fp/hard\libc-musl.a(__environ.o)
 .debug_abbrev  0x000000000000d36f      0x1f8 c:/program files/microchip/xc32/v4.45/bin/bin/../../lib/gcc/pic32c/8.3.1/../../../../pic32c/lib/thumb/v7e-m+fp/hard\libc-musl.a(intscan.o)
 .debug_abbrev  0x000000000000d567      0x166 c:/program files/microchip/xc32/v4.45/bin/bin/../../lib/gcc/pic32c/8.3.1/../../../../pic32c/lib/thumb/v7e-m+fp/hard\libc-musl.a(shgetc.o)
 .debug_abbrev  0x000000000000d6cd      0x141 c:/program files/microchip/xc32/v4.45/bin/bin/../../lib/gcc/pic32c/8.3.1/../../../../pic32c/lib/thumb/v7e-m+fp/hard\libc-musl.a(__uflow.o)
 .debug_abbrev  0x000000000000d80e      0x189 c:/program files/microchip/xc32/v4.45/bin/bin/../../lib/gcc/pic32c/8.3.1/../../../../pic32c/lib/thumb/v7e-m+fp/hard\libc-musl.a(vfprintf.o)
 .debug_abbrev  0x000000000000d997      0x14b c:/program files/microchip/xc32/v4.45/bin/bin/../../lib/gcc/pic32c/8.3.1/../../../../pic32c/lib/thumb/v7e-m+fp/hard\libc-musl.a(__toread.o)
 .debug_abbrev  0x000000000000dae2       0xdc c:/program files/microchip/xc32/v4.45/bin/bin/../../lib/gcc/pic32c/8.3.1/../../../../pic32c/lib/thumb/v7e-m+fp/hard\libc-musl.a(__pop_float.o)
 .debug_abbrev  0x000000000000dbbe       0xdc c:/program files/microchip/xc32/v4.45/bin/bin/../../lib/gcc/pic32c/8.3.1/../../../../pic32c/lib/thumb/v7e-m+fp/hard\libc-musl.a(__pop_int.o)
 .debug_abbrev  0x000000000000dc9a       0xed c:/program files/microchip/xc32/v4.45/bin/bin/../../lib/gcc/pic32c/8.3.1/../../../../pic32c/lib/thumb/v7e-m+fp/hard\libc-musl.a(__pop_ptr.o)
 .debug_abbrev  0x000000000000dd87      0x332 c:/program files/microchip/xc32/v4.45/bin/bin/../../lib/gcc/pic32c/8.3.1/../../../../pic32c/lib/thumb/v7e-m+fp/hard\libc-musl.a(__printf_core.o)
 .debug_abbrev  0x000000000000e0b9      0x1d5 c:/program files/microchip/xc32/v4.45/bin/bin/../../lib/gcc/pic32c/8.3.1/../../../../pic32c/lib/thumb/v7e-m+fp/hard\libc-musl.a(__fmt_a.o)
 .debug_abbrev  0x000000000000e28e      0x161 c:/program files/microchip/xc32/v4.45/bin/bin/../../lib/gcc/pic32c/8.3.1/../../../../pic32c/lib/thumb/v7e-m+fp/hard\libc-musl.a(__fmt_d.o)
 .debug_abbrev  0x000000000000e3ef      0x1f4 c:/program files/microchip/xc32/v4.45/bin/bin/../../lib/gcc/pic32c/8.3.1/../../../../pic32c/lib/thumb/v7e-m+fp/hard\libc-musl.a(__fmt_fp.o)
 .debug_abbrev  0x000000000000e5e3      0x161 c:/program files/microchip/xc32/v4.45/bin/bin/../../lib/gcc/pic32c/8.3.1/../../../../pic32c/lib/thumb/v7e-m+fp/hard\libc-musl.a(__fmt_o.o)
 .debug_abbrev  0x000000000000e744      0x14c c:/program files/microchip/xc32/v4.45/bin/bin/../../lib/gcc/pic32c/8.3.1/../../../../pic32c/lib/thumb/v7e-m+fp/hard\libc-musl.a(__fmt_s.o)
 .debug_abbrev  0x000000000000e890      0x161 c:/program files/microchip/xc32/v4.45/bin/bin/../../lib/gcc/pic32c/8.3.1/../../../../pic32c/lib/thumb/v7e-m+fp/hard\libc-musl.a(__fmt_u.o)
 .debug_abbrev  0x000000000000e9f1      0x150 c:/program files/microchip/xc32/v4.45/bin/bin/../../lib/gcc/pic32c/8.3.1/../../../../pic32c/lib/thumb/v7e-m+fp/hard\libc-musl.a(__fmt_x.o)
 .debug_abbrev  0x000000000000eb41       0xe5 c:/program files/microchip/xc32/v4.45/bin/bin/../../lib/gcc/pic32c/8.3.1/../../../../pic32c/lib/thumb/v7e-m+fp/hard\libc-musl.a(__cvt_u.o)
 .debug_abbrev  0x000000000000ec26       0x14 c:/program files/microchip/xc32/v4.45/bin/bin/../../lib/gcc/pic32c/8.3.1/thumb/v7e-m+fp/hard\libgcc.a(_aeabi_uldivmod.o)
 .debug_abbrev  0x000000000000ec3a      0x122 c:/program files/microchip/xc32/v4.45/bin/bin/../../lib/gcc/pic32c/8.3.1/thumb/v7e-m+fp/hard\libgcc.a(_udivmoddi4.o)
 .debug_abbrev  0x000000000000ed5c       0x14 c:/program files/microchip/xc32/v4.45/bin/bin/../../lib/gcc/pic32c/8.3.1/thumb/v7e-m+fp/hard\libgcc.a(_dvmd_tls.o)
 .debug_abbrev  0x000000000000ed70       0x44 c:/program files/microchip/xc32/v4.45/bin/bin/../../lib/gcc/pic32c/8.3.1/../../../../pic32c/lib/thumb/v7e-m+fp/hard\libpic32c.a(sbrk.o)
 .debug_abbrev  0x000000000000edb4       0x2e c:/program files/microchip/xc32/v4.45/bin/bin/../../lib/gcc/pic32c/8.3.1/../../../../pic32c/lib/thumb/v7e-m+fp/hard\libpic32c.a(pic32_data_init_clear.o)
 .debug_abbrev  0x000000000000ede2       0x2e c:/program files/microchip/xc32/v4.45/bin/bin/../../lib/gcc/pic32c/8.3.1/../../../../pic32c/lib/thumb/v7e-m+fp/hard\libpic32c.a(pic32_data_init_copy.o)

.debug_loc      0x0000000000000000    0x5894c
 .debug_loc     0x0000000000000000     0x334c build/FreeRTOS/production/_ext/1609394304/crypto.o
 .debug_loc     0x000000000000334c     0x4f3f build/FreeRTOS/production/_ext/1785105562/tc6.o
 .debug_loc     0x000000000000828b     0x43c6 build/FreeRTOS/production/_ext/585597058/drv_lan865x_api.o
 .debug_loc     0x000000000000c651     0x1e9b build/FreeRTOS/production/_ext/1348046844/drv_spi.o
 .debug_loc     0x000000000000e4ec      0x566 build/FreeRTOS/production/_ext/540595297/helpers.o
 .debug_loc     0x000000000000ea52     0x2850 build/FreeRTOS/production/_ext/540595297/tcpip_commands.o
 .debug_loc     0x00000000000112a2      0xbf3 build/FreeRTOS/production/_ext/540595297/tcpip_packet.o
 .debug_loc     0x0000000000011e95     0x3aa9 build/FreeRTOS/production/_ext/540595297/tcpip_helpers.o
 .debug_loc     0x000000000001593e     0x1006 build/FreeRTOS/production/_ext/540595297/tcpip_heap_internal.o
 .debug_loc     0x0000000000016944      0x458 build/FreeRTOS/production/_ext/540595297/tcpip_notify.o
 .debug_loc     0x0000000000016d9c     0x234a build/FreeRTOS/production/_ext/540595297/iperf.o
 .debug_loc     0x00000000000190e6     0x8305 build/FreeRTOS/production/_ext/540595297/tcp.o
 .debug_loc     0x00000000000213eb     0x4eef build/FreeRTOS/production/_ext/540595297/udp.o
 .debug_loc     0x00000000000262da     0x7bcb build/FreeRTOS/production/_ext/540595297/tcpip_manager.o
 .debug_loc     0x000000000002dea5      0x24c build/FreeRTOS/production/_ext/540595297/tcpip_heap_alloc.o
 .debug_loc     0x000000000002e0f1      0x21b build/FreeRTOS/production/_ext/540595297/hash_fnv.o
 .debug_loc     0x000000000002e30c     0x3bec build/FreeRTOS/production/_ext/540595297/arp.o
 .debug_loc     0x0000000000031ef8      0xc96 build/FreeRTOS/production/_ext/540595297/icmp.o
 .debug_loc     0x0000000000032b8e     0x30b3 build/FreeRTOS/production/_ext/540595297/ipv4.o
 .debug_loc     0x0000000000035c41      0x5f3 build/FreeRTOS/production/_ext/540595297/oahash.o
 .debug_loc     0x0000000000036234     0x4085 build/FreeRTOS/production/_ext/540595297/dns.o
 .debug_loc     0x000000000003a2b9      0x727 build/FreeRTOS/production/_ext/891571577/osal_freertos.o
 .debug_loc     0x000000000003a9e0      0x921 build/FreeRTOS/production/_ext/1495216012/plib_dmac.o
 .debug_loc     0x000000000003b301      0x38a build/FreeRTOS/production/_ext/1494909205/plib_nvic.o
 .debug_loc     0x000000000003b68b      0x83e build/FreeRTOS/production/_ext/320424729/plib_nvmctrl.o
 .debug_loc     0x000000000003bec9      0x1bc build/FreeRTOS/production/_ext/1494856054/plib_port.o
 .debug_loc     0x000000000003c085      0x6ae build/FreeRTOS/production/_ext/1428073114/plib_sercom0_spi_master.o
 .debug_loc     0x000000000003c733      0xcc6 build/FreeRTOS/production/_ext/2092608928/plib_sercom1_usart.o
 .debug_loc     0x000000000003d3f9       0x74 build/FreeRTOS/production/_ext/579449528/plib_tc0.o
 .debug_loc     0x000000000003d46d     0x2179 build/FreeRTOS/production/_ext/1005353002/sys_command.o
 .debug_loc     0x000000000003f5e6      0xc76 build/FreeRTOS/production/_ext/548640822/sys_console.o
 .debug_loc     0x000000000004025c      0x852 build/FreeRTOS/production/_ext/548640822/sys_console_uart.o
 .debug_loc     0x0000000000040aae       0xe0 build/FreeRTOS/production/_ext/147610190/sys_debug.o
 .debug_loc     0x0000000000040b8e      0x180 build/FreeRTOS/production/_ext/50312702/sys_dma.o
 .debug_loc     0x0000000000040d0e      0x182 build/FreeRTOS/production/_ext/1690414130/sys_int.o
 .debug_loc     0x0000000000040e90     0x230e build/FreeRTOS/production/_ext/832704728/sys_time.o
 .debug_loc     0x000000000004319e      0x152 build/FreeRTOS/production/_ext/2072568807/sys_time_h2_adapter.o
 .debug_loc     0x00000000000432f0      0x4c3 build/FreeRTOS/production/_ext/2072568807/sys_random_h2_adapter.o
 .debug_loc     0x00000000000437b3      0x107 build/FreeRTOS/production/_ext/161576091/tasks.o
 .debug_loc     0x00000000000438ba       0x82 build/FreeRTOS/production/_ext/161576091/freertos_hooks.o
 .debug_loc     0x000000000004393c       0x4a build/FreeRTOS/production/_ext/161576091/startup_xc32.o
 .debug_loc     0x0000000000043986       0x7d build/FreeRTOS/production/_ext/161576091/initialization.o
 .debug_loc     0x0000000000043a03      0x13a build/FreeRTOS/production/_ext/246609638/port.o
 .debug_loc     0x0000000000043b3d       0x8f build/FreeRTOS/production/_ext/1665200909/heap_1.o
 .debug_loc     0x0000000000043bcc       0xb2 build/FreeRTOS/production/_ext/404212886/list.o
 .debug_loc     0x0000000000043c7e     0x2565 build/FreeRTOS/production/_ext/404212886/FreeRTOS_tasks.o
 .debug_loc     0x00000000000461e3     0x191e build/FreeRTOS/production/_ext/404212886/queue.o
 .debug_loc     0x0000000000047b01       0x45 build/FreeRTOS/production/_ext/172253694/crypt_wolfcryptcb.o
 .debug_loc     0x0000000000047b46     0x2df9 build/FreeRTOS/production/_ext/1664057780/md5.o
 .debug_loc     0x000000000004a93f     0x28f9 build/FreeRTOS/production/_ext/1664057780/sha256.o
 .debug_loc     0x000000000004d238     0x2997 build/FreeRTOS/production/_ext/1664057780/random.o
 .debug_loc     0x000000000004fbcf     0x30a8 build/FreeRTOS/production/_ext/1664057780/cryptocb.o
 .debug_loc     0x0000000000052c77       0xb3 build/FreeRTOS/production/_ext/1360937237/app.o
 .debug_loc     0x0000000000052d2a       0x20 build/FreeRTOS/production/_ext/1360937237/main.o
 .debug_loc     0x0000000000052d4a       0x14 c:/program files/microchip/xc32/v4.45/bin/bin/../../lib/gcc/pic32c/8.3.1/../../../../pic32c/lib/thumb/v7e-m+fp/hard\libpic32c.a(data_init.o)